Archive member included to satisfy reference by file (symbol)

.\CortexM0\ARM_GCC_541\Debug\Lab3.a(button.o)
                              .\CortexM0\ARM_GCC_541\Debug\main.o (button_ClearInterrupt)
.\CortexM0\ARM_GCC_541\Debug\Lab3.a(CyLib.o)
                              .\CortexM0\ARM_GCC_541\Debug\cyfitter_cfg.o (CyIntEnable)
.\CortexM0\ARM_GCC_541\Debug\Lab3.a(CyLFClk.o)
                              .\CortexM0\ARM_GCC_541\Debug\Lab3.a(CyLib.o) (CySysClkWcoEnabled)
.\CortexM0\ARM_GCC_541\Debug\Lab3.a(LCD_char.o)
                              .\CortexM0\ARM_GCC_541\Debug\main.o (LCD_char_PrintString)
.\CortexM0\ARM_GCC_541\Debug\Lab3.a(QuadDec.o)
                              .\CortexM0\ARM_GCC_541\Debug\main.o (QuadDec_GetCounter)
.\CortexM0\ARM_GCC_541\Debug\Lab3.a(QuadDec_Cnt8.o)
                              .\CortexM0\ARM_GCC_541\Debug\Lab3.a(QuadDec.o) (QuadDec_Cnt8_Stop)
.\CortexM0\ARM_GCC_541\Debug\Lab3.a(t_counter.o)
                              .\CortexM0\ARM_GCC_541\Debug\main.o (t_counter_Start)
.\CortexM0\ARM_GCC_541\Debug\Lab3.a(t_isr.o)
                              .\CortexM0\ARM_GCC_541\Debug\main.o (t_isr_StartEx)
.\CortexM0\ARM_GCC_541\Debug\Lab3.a(c_register.o)
                              .\CortexM0\ARM_GCC_541\Debug\main.o (c_register_Write)
.\CortexM0\ARM_GCC_541\Debug\Lab3.a(b_isr.o)
                              .\CortexM0\ARM_GCC_541\Debug\main.o (b_isr_StartEx)
.\CortexM0\ARM_GCC_541\Debug\Lab3.a(b_encoder.o)
                              .\CortexM0\ARM_GCC_541\Debug\main.o (b_encoder_ClearInterrupt)
.\CortexM0\ARM_GCC_541\Debug\Lab3.a(b_encoder_isr.o)
                              .\CortexM0\ARM_GCC_541\Debug\main.o (b_encoder_isr_StartEx)
.\CortexM0\ARM_GCC_541\Debug\Lab3.a(CyBootAsmGnu.o)
                              .\CortexM0\ARM_GCC_541\Debug\Lab3.a(CyLib.o) (CyDelayCycles)
.\CortexM0\ARM_GCC_541\Debug\Lab3.a(CyFlash.o)
                              .\CortexM0\ARM_GCC_541\Debug\Lab3.a(CyLib.o) (CySysFlashSetWaitCycles)
d:/program files/cypress/psoc/psoc creator/4.4/psoc creator/import/gnu/arm/5.4.1/bin/../lib/gcc/arm-none-eabi/5.4.1/armv6-m\libgcc.a(_udivsi3.o)
                              .\CortexM0\ARM_GCC_541\Debug\Lab3.a(CyLib.o) (__aeabi_uidiv)
d:/program files/cypress/psoc/psoc creator/4.4/psoc creator/import/gnu/arm/5.4.1/bin/../lib/gcc/arm-none-eabi/5.4.1/armv6-m\libgcc.a(_divsi3.o)
                              .\CortexM0\ARM_GCC_541\Debug\Lab3.a(CyLFClk.o) (__aeabi_idiv)
d:/program files/cypress/psoc/psoc creator/4.4/psoc creator/import/gnu/arm/5.4.1/bin/../lib/gcc/arm-none-eabi/5.4.1/armv6-m\libgcc.a(_dvmd_tls.o)
                              d:/program files/cypress/psoc/psoc creator/4.4/psoc creator/import/gnu/arm/5.4.1/bin/../lib/gcc/arm-none-eabi/5.4.1/armv6-m\libgcc.a(_udivsi3.o) (__aeabi_idiv0)
d:/program files/cypress/psoc/psoc creator/4.4/psoc creator/import/gnu/arm/5.4.1/bin/../lib/gcc/arm-none-eabi/5.4.1/../../../../arm-none-eabi/lib/armv6-m\libg_nano.a(lib_a-errno.o)
                              .\CortexM0\ARM_GCC_541\Debug\Cm0Start.o (__errno)
d:/program files/cypress/psoc/psoc creator/4.4/psoc creator/import/gnu/arm/5.4.1/bin/../lib/gcc/arm-none-eabi/5.4.1/../../../../arm-none-eabi/lib/armv6-m\libg_nano.a(lib_a-exit.o)
                              d:/program files/cypress/psoc/psoc creator/4.4/psoc creator/import/gnu/arm/5.4.1/bin/../lib/gcc/arm-none-eabi/5.4.1/../../../../arm-none-eabi/lib/armv6-m/crt0.o (exit)
d:/program files/cypress/psoc/psoc creator/4.4/psoc creator/import/gnu/arm/5.4.1/bin/../lib/gcc/arm-none-eabi/5.4.1/../../../../arm-none-eabi/lib/armv6-m\libg_nano.a(lib_a-impure.o)
                              d:/program files/cypress/psoc/psoc creator/4.4/psoc creator/import/gnu/arm/5.4.1/bin/../lib/gcc/arm-none-eabi/5.4.1/../../../../arm-none-eabi/lib/armv6-m\libg_nano.a(lib_a-exit.o) (_global_impure_ptr)
d:/program files/cypress/psoc/psoc creator/4.4/psoc creator/import/gnu/arm/5.4.1/bin/../lib/gcc/arm-none-eabi/5.4.1/../../../../arm-none-eabi/lib/armv6-m\libg_nano.a(lib_a-init.o)
                              d:/program files/cypress/psoc/psoc creator/4.4/psoc creator/import/gnu/arm/5.4.1/bin/../lib/gcc/arm-none-eabi/5.4.1/../../../../arm-none-eabi/lib/armv6-m/crt0.o (__libc_init_array)
d:/program files/cypress/psoc/psoc creator/4.4/psoc creator/import/gnu/arm/5.4.1/bin/../lib/gcc/arm-none-eabi/5.4.1/../../../../arm-none-eabi/lib/armv6-m\libg_nano.a(lib_a-memcpy-stub.o)
                              .\CortexM0\ARM_GCC_541\Debug\Lab3.a(CyFlash.o) (memcpy)
d:/program files/cypress/psoc/psoc creator/4.4/psoc creator/import/gnu/arm/5.4.1/bin/../lib/gcc/arm-none-eabi/5.4.1/../../../../arm-none-eabi/lib/armv6-m\libg_nano.a(lib_a-memset.o)
                              d:/program files/cypress/psoc/psoc creator/4.4/psoc creator/import/gnu/arm/5.4.1/bin/../lib/gcc/arm-none-eabi/5.4.1/../../../../arm-none-eabi/lib/armv6-m/crt0.o (memset)

Allocating common symbols
Common symbol       size              file

green_color_time    0x1               .\CortexM0\ARM_GCC_541\Debug\main.o
yellow_color_time   0x1               .\CortexM0\ARM_GCC_541\Debug\main.o
red_color_time      0x1               .\CortexM0\ARM_GCC_541\Debug\main.o

Discarded input sections

 .text          0x00000000        0x0 d:/program files/cypress/psoc/psoc creator/4.4/psoc creator/import/gnu/arm/5.4.1/bin/../lib/gcc/arm-none-eabi/5.4.1/armv6-m/crti.o
 .data          0x00000000        0x0 d:/program files/cypress/psoc/psoc creator/4.4/psoc creator/import/gnu/arm/5.4.1/bin/../lib/gcc/arm-none-eabi/5.4.1/armv6-m/crti.o
 .bss           0x00000000        0x0 d:/program files/cypress/psoc/psoc creator/4.4/psoc creator/import/gnu/arm/5.4.1/bin/../lib/gcc/arm-none-eabi/5.4.1/armv6-m/crti.o
 .data          0x00000000        0x4 d:/program files/cypress/psoc/psoc creator/4.4/psoc creator/import/gnu/arm/5.4.1/bin/../lib/gcc/arm-none-eabi/5.4.1/armv6-m/crtbegin.o
 .text          0x00000000       0x78 d:/program files/cypress/psoc/psoc creator/4.4/psoc creator/import/gnu/arm/5.4.1/bin/../lib/gcc/arm-none-eabi/5.4.1/../../../../arm-none-eabi/lib/armv6-m/crt0.o
 .data          0x00000000        0x0 d:/program files/cypress/psoc/psoc creator/4.4/psoc creator/import/gnu/arm/5.4.1/bin/../lib/gcc/arm-none-eabi/5.4.1/../../../../arm-none-eabi/lib/armv6-m/crt0.o
 .bss           0x00000000        0x0 d:/program files/cypress/psoc/psoc creator/4.4/psoc creator/import/gnu/arm/5.4.1/bin/../lib/gcc/arm-none-eabi/5.4.1/../../../../arm-none-eabi/lib/armv6-m/crt0.o
 .ARM.extab     0x00000000        0x0 d:/program files/cypress/psoc/psoc creator/4.4/psoc creator/import/gnu/arm/5.4.1/bin/../lib/gcc/arm-none-eabi/5.4.1/../../../../arm-none-eabi/lib/armv6-m/crt0.o
 .ARM.exidx     0x00000000        0x8 d:/program files/cypress/psoc/psoc creator/4.4/psoc creator/import/gnu/arm/5.4.1/bin/../lib/gcc/arm-none-eabi/5.4.1/../../../../arm-none-eabi/lib/armv6-m/crt0.o
 .text          0x00000000        0x0 .\CortexM0\ARM_GCC_541\Debug\main.o
 .data          0x00000000        0x0 .\CortexM0\ARM_GCC_541\Debug\main.o
 .text          0x00000000        0x0 .\CortexM0\ARM_GCC_541\Debug\cyfitter_cfg.o
 .data          0x00000000        0x0 .\CortexM0\ARM_GCC_541\Debug\cyfitter_cfg.o
 .bss           0x00000000        0x0 .\CortexM0\ARM_GCC_541\Debug\cyfitter_cfg.o
 .text          0x00000000        0x0 .\CortexM0\ARM_GCC_541\Debug\cymetadata.o
 .data          0x00000000        0x0 .\CortexM0\ARM_GCC_541\Debug\cymetadata.o
 .bss           0x00000000        0x0 .\CortexM0\ARM_GCC_541\Debug\cymetadata.o
 .text          0x00000000        0x0 .\CortexM0\ARM_GCC_541\Debug\Cm0Start.o
 .data          0x00000000        0x4 .\CortexM0\ARM_GCC_541\Debug\Cm0Start.o
 .bss           0x00000000        0x0 .\CortexM0\ARM_GCC_541\Debug\Cm0Start.o
 .text._exit    0x00000000        0xc .\CortexM0\ARM_GCC_541\Debug\Cm0Start.o
 .text._sbrk    0x00000000       0x30 .\CortexM0\ARM_GCC_541\Debug\Cm0Start.o
 .text          0x00000000        0x0 .\CortexM0\ARM_GCC_541\Debug\Lab3.a(button.o)
 .data          0x00000000        0x0 .\CortexM0\ARM_GCC_541\Debug\Lab3.a(button.o)
 .bss           0x00000000        0x0 .\CortexM0\ARM_GCC_541\Debug\Lab3.a(button.o)
 .text.button_SetDriveMode
                0x00000000       0x18 .\CortexM0\ARM_GCC_541\Debug\Lab3.a(button.o)
 .text.button_Write
                0x00000000       0x18 .\CortexM0\ARM_GCC_541\Debug\Lab3.a(button.o)
 .text.button_Read
                0x00000000       0x10 .\CortexM0\ARM_GCC_541\Debug\Lab3.a(button.o)
 .text.button_ReadDataReg
                0x00000000       0x10 .\CortexM0\ARM_GCC_541\Debug\Lab3.a(button.o)
 .text.button_SetInterruptMode
                0x00000000       0x14 .\CortexM0\ARM_GCC_541\Debug\Lab3.a(button.o)
 .text          0x00000000        0x0 .\CortexM0\ARM_GCC_541\Debug\Lab3.a(CyLib.o)
 .bss           0x00000000       0x18 .\CortexM0\ARM_GCC_541\Debug\Lab3.a(CyLib.o)
 .text.CySysClkImoStart
                0x00000000       0x14 .\CortexM0\ARM_GCC_541\Debug\Lab3.a(CyLib.o)
 .text.CySysClkImoStop
                0x00000000       0x18 .\CortexM0\ARM_GCC_541\Debug\Lab3.a(CyLib.o)
 .text.CySysClkWriteHfclkDirect
                0x00000000       0x20 .\CortexM0\ARM_GCC_541\Debug\Lab3.a(CyLib.o)
 .text.CySysEnablePumpClock
                0x00000000       0x38 .\CortexM0\ARM_GCC_541\Debug\Lab3.a(CyLib.o)
 .text.CySysClkGetSysclkSource
                0x00000000       0x1c .\CortexM0\ARM_GCC_541\Debug\Lab3.a(CyLib.o)
 .text.CySysClkWriteSysclkDiv
                0x00000000       0x30 .\CortexM0\ARM_GCC_541\Debug\Lab3.a(CyLib.o)
 .text.CySysLvdDisable
                0x00000000       0x20 .\CortexM0\ARM_GCC_541\Debug\Lab3.a(CyLib.o)
 .text.CySysLvdGetInterruptSource
                0x00000000       0x10 .\CortexM0\ARM_GCC_541\Debug\Lab3.a(CyLib.o)
 .text.CySysLvdClearInterrupt
                0x00000000        0xc .\CortexM0\ARM_GCC_541\Debug\Lab3.a(CyLib.o)
 .text.CySysGetResetReason
                0x00000000       0x14 .\CortexM0\ARM_GCC_541\Debug\Lab3.a(CyLib.o)
 .text.CyDisableInts
                0x00000000       0x10 .\CortexM0\ARM_GCC_541\Debug\Lab3.a(CyLib.o)
 .text.CyEnableInts
                0x00000000        0xc .\CortexM0\ARM_GCC_541\Debug\Lab3.a(CyLib.o)
 .text.CyIntGetState
                0x00000000       0x18 .\CortexM0\ARM_GCC_541\Debug\Lab3.a(CyLib.o)
 .text.CyIntDisable
                0x00000000       0x14 .\CortexM0\ARM_GCC_541\Debug\Lab3.a(CyLib.o)
 .text.CyIntSetPending
                0x00000000       0x14 .\CortexM0\ARM_GCC_541\Debug\Lab3.a(CyLib.o)
 .text.CyIntClearPending
                0x00000000       0x14 .\CortexM0\ARM_GCC_541\Debug\Lab3.a(CyLib.o)
 .text.CyIntSetSysVector
                0x00000000       0x20 .\CortexM0\ARM_GCC_541\Debug\Lab3.a(CyLib.o)
 .text.CyIntGetSysVector
                0x00000000       0x1c .\CortexM0\ARM_GCC_541\Debug\Lab3.a(CyLib.o)
 .text.CyIntGetVector
                0x00000000       0x20 .\CortexM0\ARM_GCC_541\Debug\Lab3.a(CyLib.o)
 .text.CyIntSetPriority
                0x00000000       0x4c .\CortexM0\ARM_GCC_541\Debug\Lab3.a(CyLib.o)
 .text.CyIntGetPriority
                0x00000000       0x2c .\CortexM0\ARM_GCC_541\Debug\Lab3.a(CyLib.o)
 .text.CySoftwareReset
                0x00000000       0x18 .\CortexM0\ARM_GCC_541\Debug\Lab3.a(CyLib.o)
 .text.CySysLvdEnable
                0x00000000       0x44 .\CortexM0\ARM_GCC_541\Debug\Lab3.a(CyLib.o)
 .text.CyDelayFreq
                0x00000000       0x4c .\CortexM0\ARM_GCC_541\Debug\Lab3.a(CyLib.o)
 .text.CySysTickStop
                0x00000000       0x10 .\CortexM0\ARM_GCC_541\Debug\Lab3.a(CyLib.o)
 .text.CySysTickEnableInterrupt
                0x00000000       0x10 .\CortexM0\ARM_GCC_541\Debug\Lab3.a(CyLib.o)
 .text.CySysTickEnable
                0x00000000       0x18 .\CortexM0\ARM_GCC_541\Debug\Lab3.a(CyLib.o)
 .text.CySysTickDisableInterrupt
                0x00000000       0x10 .\CortexM0\ARM_GCC_541\Debug\Lab3.a(CyLib.o)
 .text.CySysTickSetReload
                0x00000000       0x10 .\CortexM0\ARM_GCC_541\Debug\Lab3.a(CyLib.o)
 .text.CySysTickGetReload
                0x00000000       0x10 .\CortexM0\ARM_GCC_541\Debug\Lab3.a(CyLib.o)
 .text.CySysTickGetValue
                0x00000000       0x10 .\CortexM0\ARM_GCC_541\Debug\Lab3.a(CyLib.o)
 .text.CySysTickSetClockSource
                0x00000000       0x20 .\CortexM0\ARM_GCC_541\Debug\Lab3.a(CyLib.o)
 .text.CySysTickGetClockSource
                0x00000000       0x10 .\CortexM0\ARM_GCC_541\Debug\Lab3.a(CyLib.o)
 .text.CySysTickGetCountFlag
                0x00000000       0x10 .\CortexM0\ARM_GCC_541\Debug\Lab3.a(CyLib.o)
 .text.CySysTickServiceCallbacks
                0x00000000       0x28 .\CortexM0\ARM_GCC_541\Debug\Lab3.a(CyLib.o)
 .text.CySysTickClear
                0x00000000        0xc .\CortexM0\ARM_GCC_541\Debug\Lab3.a(CyLib.o)
 .text.CySysTickInit
                0x00000000       0x44 .\CortexM0\ARM_GCC_541\Debug\Lab3.a(CyLib.o)
 .text.CySysTickStart
                0x00000000       0x20 .\CortexM0\ARM_GCC_541\Debug\Lab3.a(CyLib.o)
 .text.CySysTickSetCallback
                0x00000000       0x10 .\CortexM0\ARM_GCC_541\Debug\Lab3.a(CyLib.o)
 .text.CySysTickGetCallback
                0x00000000        0xc .\CortexM0\ARM_GCC_541\Debug\Lab3.a(CyLib.o)
 .text.CyGetUniqueId
                0x00000000       0x70 .\CortexM0\ARM_GCC_541\Debug\Lab3.a(CyLib.o)
 .text.CySysSetRamAccessArbPriority
                0x00000000       0x20 .\CortexM0\ARM_GCC_541\Debug\Lab3.a(CyLib.o)
 .text.CySysSetFlashAccessArbPriority
                0x00000000       0x20 .\CortexM0\ARM_GCC_541\Debug\Lab3.a(CyLib.o)
 .text.CySysSetDmacAccessArbPriority
                0x00000000       0x20 .\CortexM0\ARM_GCC_541\Debug\Lab3.a(CyLib.o)
 .text.CySysSetPeripheralAccessArbPriority
                0x00000000       0x68 .\CortexM0\ARM_GCC_541\Debug\Lab3.a(CyLib.o)
 .text          0x00000000        0x0 .\CortexM0\ARM_GCC_541\Debug\Lab3.a(CyLFClk.o)
 .text.CySysClkIloEnabled
                0x00000000       0x14 .\CortexM0\ARM_GCC_541\Debug\Lab3.a(CyLFClk.o)
 .text.CySysClkGetLfclkSource
                0x00000000       0x10 .\CortexM0\ARM_GCC_541\Debug\Lab3.a(CyLFClk.o)
 .text.CySysClkIloStart
                0x00000000       0x14 .\CortexM0\ARM_GCC_541\Debug\Lab3.a(CyLFClk.o)
 .text.CySysClkIloStartMeasurement
                0x00000000       0x5c .\CortexM0\ARM_GCC_541\Debug\Lab3.a(CyLFClk.o)
 .text.CySysClkIloStopMeasurement
                0x00000000       0x14 .\CortexM0\ARM_GCC_541\Debug\Lab3.a(CyLFClk.o)
 .text.CySysClkIloCompensate
                0x00000000      0x104 .\CortexM0\ARM_GCC_541\Debug\Lab3.a(CyLFClk.o)
 .text.CySysClkIloUpdateTrimReg
                0x00000000       0xa8 .\CortexM0\ARM_GCC_541\Debug\Lab3.a(CyLFClk.o)
 .text.CySysClkIloTrim
                0x00000000       0xd8 .\CortexM0\ARM_GCC_541\Debug\Lab3.a(CyLFClk.o)
 .text.CySysClkIloRestoreFactoryTrim
                0x00000000       0x30 .\CortexM0\ARM_GCC_541\Debug\Lab3.a(CyLFClk.o)
 .text.CySysClkWcoStart
                0x00000000       0x40 .\CortexM0\ARM_GCC_541\Debug\Lab3.a(CyLFClk.o)
 .text.CySysClkWcoSetPowerMode
                0x00000000       0x4c .\CortexM0\ARM_GCC_541\Debug\Lab3.a(CyLFClk.o)
 .text.CySysClkWcoClockOutSelect
                0x00000000       0x2c .\CortexM0\ARM_GCC_541\Debug\Lab3.a(CyLFClk.o)
 .text.CySysWdtGetEnabledStatus
                0x00000000       0x24 .\CortexM0\ARM_GCC_541\Debug\Lab3.a(CyLFClk.o)
 .text.CySysWdtSetMode
                0x00000000       0x38 .\CortexM0\ARM_GCC_541\Debug\Lab3.a(CyLFClk.o)
 .text.CySysClkLfclkPosedgeRestore
                0x00000000       0x2c .\CortexM0\ARM_GCC_541\Debug\Lab3.a(CyLFClk.o)
 .text.CySysWdtGetMode
                0x00000000       0x14 .\CortexM0\ARM_GCC_541\Debug\Lab3.a(CyLFClk.o)
 .text.CySysWdtSetClearOnMatch
                0x00000000       0x34 .\CortexM0\ARM_GCC_541\Debug\Lab3.a(CyLFClk.o)
 .text.CySysWdtGetClearOnMatch
                0x00000000       0x24 .\CortexM0\ARM_GCC_541\Debug\Lab3.a(CyLFClk.o)
 .text.CySysWdtEnable
                0x00000000       0x3c .\CortexM0\ARM_GCC_541\Debug\Lab3.a(CyLFClk.o)
 .text.CySysWdtDisable
                0x00000000       0x44 .\CortexM0\ARM_GCC_541\Debug\Lab3.a(CyLFClk.o)
 .text.CySysWdtSetCascade
                0x00000000       0x34 .\CortexM0\ARM_GCC_541\Debug\Lab3.a(CyLFClk.o)
 .text.CySysWdtGetCascade
                0x00000000       0x14 .\CortexM0\ARM_GCC_541\Debug\Lab3.a(CyLFClk.o)
 .text.CySysWdtSetMatch
                0x00000000       0x54 .\CortexM0\ARM_GCC_541\Debug\Lab3.a(CyLFClk.o)
 .text.CySysWdtSetToggleBit
                0x00000000       0x30 .\CortexM0\ARM_GCC_541\Debug\Lab3.a(CyLFClk.o)
 .text.CySysWdtGetToggleBit
                0x00000000       0x10 .\CortexM0\ARM_GCC_541\Debug\Lab3.a(CyLFClk.o)
 .text.CySysWdtGetMatch
                0x00000000       0x20 .\CortexM0\ARM_GCC_541\Debug\Lab3.a(CyLFClk.o)
 .text.CySysWdtGetCount
                0x00000000       0x3c .\CortexM0\ARM_GCC_541\Debug\Lab3.a(CyLFClk.o)
 .text.CySysClkLfclkPosedgeCatch
                0x00000000       0x74 .\CortexM0\ARM_GCC_541\Debug\Lab3.a(CyLFClk.o)
 .text.CySysClkIloStop
                0x00000000       0x4c .\CortexM0\ARM_GCC_541\Debug\Lab3.a(CyLFClk.o)
 .text.CySysClkSetLfclkSource
                0x00000000       0x38 .\CortexM0\ARM_GCC_541\Debug\Lab3.a(CyLFClk.o)
 .text.CySysClkWcoStop
                0x00000000       0x48 .\CortexM0\ARM_GCC_541\Debug\Lab3.a(CyLFClk.o)
 .text.CySysWdtGetInterruptSource
                0x00000000       0x14 .\CortexM0\ARM_GCC_541\Debug\Lab3.a(CyLFClk.o)
 .text.CySysWdtResetCounters
                0x00000000       0x20 .\CortexM0\ARM_GCC_541\Debug\Lab3.a(CyLFClk.o)
 .text.CySysWdtSetInterruptCallback
                0x00000000       0x20 .\CortexM0\ARM_GCC_541\Debug\Lab3.a(CyLFClk.o)
 .text.CySysWdtGetInterruptCallback
                0x00000000       0x20 .\CortexM0\ARM_GCC_541\Debug\Lab3.a(CyLFClk.o)
 .text.CySysWdtEnableCounterIsr
                0x00000000       0x34 .\CortexM0\ARM_GCC_541\Debug\Lab3.a(CyLFClk.o)
 .text.CySysWdtDisableCounterIsr
                0x00000000       0x28 .\CortexM0\ARM_GCC_541\Debug\Lab3.a(CyLFClk.o)
 .text.CySysWatchdogFeed
                0x00000000       0x60 .\CortexM0\ARM_GCC_541\Debug\Lab3.a(CyLFClk.o)
 .text.CySysTimerDelayUntilMatch
                0x00000000       0x6c .\CortexM0\ARM_GCC_541\Debug\Lab3.a(CyLFClk.o)
 .text.CySysTimerDelay
                0x00000000       0x3c .\CortexM0\ARM_GCC_541\Debug\Lab3.a(CyLFClk.o)
 .rodata        0x00000000        0xc .\CortexM0\ARM_GCC_541\Debug\Lab3.a(CyLFClk.o)
 .text          0x00000000        0x0 .\CortexM0\ARM_GCC_541\Debug\Lab3.a(LCD_char.o)
 .data          0x00000000        0x0 .\CortexM0\ARM_GCC_541\Debug\Lab3.a(LCD_char.o)
 .text.LCD_char_Stop
                0x00000000       0x14 .\CortexM0\ARM_GCC_541\Debug\Lab3.a(LCD_char.o)
 .text.LCD_char_PrintInt8
                0x00000000       0x20 .\CortexM0\ARM_GCC_541\Debug\Lab3.a(LCD_char.o)
 .text.LCD_char_PrintInt16
                0x00000000       0x14 .\CortexM0\ARM_GCC_541\Debug\Lab3.a(LCD_char.o)
 .text.LCD_char_PrintInt32
                0x00000000       0x1c .\CortexM0\ARM_GCC_541\Debug\Lab3.a(LCD_char.o)
 .rodata        0x00000000       0x10 .\CortexM0\ARM_GCC_541\Debug\Lab3.a(LCD_char.o)
 .text          0x00000000        0x0 .\CortexM0\ARM_GCC_541\Debug\Lab3.a(QuadDec.o)
 .data          0x00000000        0x0 .\CortexM0\ARM_GCC_541\Debug\Lab3.a(QuadDec.o)
 .text.QuadDec_Init
                0x00000000        0x4 .\CortexM0\ARM_GCC_541\Debug\Lab3.a(QuadDec.o)
 .text.QuadDec_Stop
                0x00000000       0x20 .\CortexM0\ARM_GCC_541\Debug\Lab3.a(QuadDec.o)
 .text.QuadDec_GetInterruptMask
                0x00000000       0x10 .\CortexM0\ARM_GCC_541\Debug\Lab3.a(QuadDec.o)
 .text          0x00000000        0x0 .\CortexM0\ARM_GCC_541\Debug\Lab3.a(QuadDec_Cnt8.o)
 .data          0x00000000        0x0 .\CortexM0\ARM_GCC_541\Debug\Lab3.a(QuadDec_Cnt8.o)
 .text.QuadDec_Cnt8_Stop
                0x00000000       0x10 .\CortexM0\ARM_GCC_541\Debug\Lab3.a(QuadDec_Cnt8.o)
 .text.QuadDec_Cnt8_ReadControlRegister
                0x00000000        0xc .\CortexM0\ARM_GCC_541\Debug\Lab3.a(QuadDec_Cnt8.o)
 .text.QuadDec_Cnt8_WriteControlRegister
                0x00000000        0xc .\CortexM0\ARM_GCC_541\Debug\Lab3.a(QuadDec_Cnt8.o)
 .text.QuadDec_Cnt8_ReadPeriod
                0x00000000        0xc .\CortexM0\ARM_GCC_541\Debug\Lab3.a(QuadDec_Cnt8.o)
 .text.QuadDec_Cnt8_ReadCompare
                0x00000000        0xc .\CortexM0\ARM_GCC_541\Debug\Lab3.a(QuadDec_Cnt8.o)
 .text          0x00000000        0x0 .\CortexM0\ARM_GCC_541\Debug\Lab3.a(t_counter.o)
 .data          0x00000000        0x0 .\CortexM0\ARM_GCC_541\Debug\Lab3.a(t_counter.o)
 .text.t_counter_Stop
                0x00000000       0x1c .\CortexM0\ARM_GCC_541\Debug\Lab3.a(t_counter.o)
 .text.t_counter_SetMode
                0x00000000       0x28 .\CortexM0\ARM_GCC_541\Debug\Lab3.a(t_counter.o)
 .text.t_counter_SetQDMode
                0x00000000       0x28 .\CortexM0\ARM_GCC_541\Debug\Lab3.a(t_counter.o)
 .text.t_counter_SetPrescaler
                0x00000000       0x28 .\CortexM0\ARM_GCC_541\Debug\Lab3.a(t_counter.o)
 .text.t_counter_SetOneShot
                0x00000000       0x30 .\CortexM0\ARM_GCC_541\Debug\Lab3.a(t_counter.o)
 .text.t_counter_SetPWMMode
                0x00000000       0x10 .\CortexM0\ARM_GCC_541\Debug\Lab3.a(t_counter.o)
 .text.t_counter_SetPWMSyncKill
                0x00000000       0x28 .\CortexM0\ARM_GCC_541\Debug\Lab3.a(t_counter.o)
 .text.t_counter_SetPWMStopOnKill
                0x00000000       0x28 .\CortexM0\ARM_GCC_541\Debug\Lab3.a(t_counter.o)
 .text.t_counter_SetPWMDeadTime
                0x00000000       0x2c .\CortexM0\ARM_GCC_541\Debug\Lab3.a(t_counter.o)
 .text.t_counter_SetPWMInvert
                0x00000000       0x28 .\CortexM0\ARM_GCC_541\Debug\Lab3.a(t_counter.o)
 .text.t_counter_ReadCounter
                0x00000000       0x10 .\CortexM0\ARM_GCC_541\Debug\Lab3.a(t_counter.o)
 .text.t_counter_SetCounterMode
                0x00000000       0x28 .\CortexM0\ARM_GCC_541\Debug\Lab3.a(t_counter.o)
 .text.t_counter_ReadPeriod
                0x00000000       0x10 .\CortexM0\ARM_GCC_541\Debug\Lab3.a(t_counter.o)
 .text.t_counter_SetCompareSwap
                0x00000000       0x24 .\CortexM0\ARM_GCC_541\Debug\Lab3.a(t_counter.o)
 .text.t_counter_WritePeriodBuf
                0x00000000       0x10 .\CortexM0\ARM_GCC_541\Debug\Lab3.a(t_counter.o)
 .text.t_counter_ReadPeriodBuf
                0x00000000       0x10 .\CortexM0\ARM_GCC_541\Debug\Lab3.a(t_counter.o)
 .text.t_counter_SetPeriodSwap
                0x00000000       0x28 .\CortexM0\ARM_GCC_541\Debug\Lab3.a(t_counter.o)
 .text.t_counter_WriteCompare
                0x00000000       0x10 .\CortexM0\ARM_GCC_541\Debug\Lab3.a(t_counter.o)
 .text.t_counter_ReadCompare
                0x00000000       0x10 .\CortexM0\ARM_GCC_541\Debug\Lab3.a(t_counter.o)
 .text.t_counter_WriteCompareBuf
                0x00000000       0x10 .\CortexM0\ARM_GCC_541\Debug\Lab3.a(t_counter.o)
 .text.t_counter_ReadCompareBuf
                0x00000000       0x10 .\CortexM0\ARM_GCC_541\Debug\Lab3.a(t_counter.o)
 .text.t_counter_ReadCapture
                0x00000000       0x10 .\CortexM0\ARM_GCC_541\Debug\Lab3.a(t_counter.o)
 .text.t_counter_ReadCaptureBuf
                0x00000000       0x10 .\CortexM0\ARM_GCC_541\Debug\Lab3.a(t_counter.o)
 .text.t_counter_SetCaptureMode
                0x00000000       0x24 .\CortexM0\ARM_GCC_541\Debug\Lab3.a(t_counter.o)
 .text.t_counter_SetReloadMode
                0x00000000       0x24 .\CortexM0\ARM_GCC_541\Debug\Lab3.a(t_counter.o)
 .text.t_counter_SetStartMode
                0x00000000       0x28 .\CortexM0\ARM_GCC_541\Debug\Lab3.a(t_counter.o)
 .text.t_counter_SetStopMode
                0x00000000       0x24 .\CortexM0\ARM_GCC_541\Debug\Lab3.a(t_counter.o)
 .text.t_counter_SetCountMode
                0x00000000       0x24 .\CortexM0\ARM_GCC_541\Debug\Lab3.a(t_counter.o)
 .text.t_counter_ReadStatus
                0x00000000       0x14 .\CortexM0\ARM_GCC_541\Debug\Lab3.a(t_counter.o)
 .text.t_counter_GetInterruptSourceMasked
                0x00000000        0xc .\CortexM0\ARM_GCC_541\Debug\Lab3.a(t_counter.o)
 .text.t_counter_GetInterruptSource
                0x00000000        0xc .\CortexM0\ARM_GCC_541\Debug\Lab3.a(t_counter.o)
 .text.t_counter_SetInterrupt
                0x00000000        0xc .\CortexM0\ARM_GCC_541\Debug\Lab3.a(t_counter.o)
 .text          0x00000000        0x0 .\CortexM0\ARM_GCC_541\Debug\Lab3.a(t_isr.o)
 .data          0x00000000        0x0 .\CortexM0\ARM_GCC_541\Debug\Lab3.a(t_isr.o)
 .bss           0x00000000        0x0 .\CortexM0\ARM_GCC_541\Debug\Lab3.a(t_isr.o)
 .text.t_isr_Interrupt
                0x00000000        0x4 .\CortexM0\ARM_GCC_541\Debug\Lab3.a(t_isr.o)
 .text.t_isr_GetVector
                0x00000000        0xc .\CortexM0\ARM_GCC_541\Debug\Lab3.a(t_isr.o)
 .text.t_isr_GetPriority
                0x00000000        0xc .\CortexM0\ARM_GCC_541\Debug\Lab3.a(t_isr.o)
 .text.t_isr_GetState
                0x00000000       0x14 .\CortexM0\ARM_GCC_541\Debug\Lab3.a(t_isr.o)
 .text.t_isr_Start
                0x00000000       0x1c .\CortexM0\ARM_GCC_541\Debug\Lab3.a(t_isr.o)
 .text.t_isr_Stop
                0x00000000       0x14 .\CortexM0\ARM_GCC_541\Debug\Lab3.a(t_isr.o)
 .text.t_isr_SetPending
                0x00000000       0x10 .\CortexM0\ARM_GCC_541\Debug\Lab3.a(t_isr.o)
 .text.t_isr_ClearPending
                0x00000000       0x10 .\CortexM0\ARM_GCC_541\Debug\Lab3.a(t_isr.o)
 .text          0x00000000        0x0 .\CortexM0\ARM_GCC_541\Debug\Lab3.a(c_register.o)
 .data          0x00000000        0x0 .\CortexM0\ARM_GCC_541\Debug\Lab3.a(c_register.o)
 .bss           0x00000000        0x0 .\CortexM0\ARM_GCC_541\Debug\Lab3.a(c_register.o)
 .text.c_register_Read
                0x00000000        0xc .\CortexM0\ARM_GCC_541\Debug\Lab3.a(c_register.o)
 .text          0x00000000        0x0 .\CortexM0\ARM_GCC_541\Debug\Lab3.a(b_isr.o)
 .data          0x00000000        0x0 .\CortexM0\ARM_GCC_541\Debug\Lab3.a(b_isr.o)
 .bss           0x00000000        0x0 .\CortexM0\ARM_GCC_541\Debug\Lab3.a(b_isr.o)
 .text.b_isr_Interrupt
                0x00000000        0x4 .\CortexM0\ARM_GCC_541\Debug\Lab3.a(b_isr.o)
 .text.b_isr_GetVector
                0x00000000        0xc .\CortexM0\ARM_GCC_541\Debug\Lab3.a(b_isr.o)
 .text.b_isr_GetPriority
                0x00000000       0x10 .\CortexM0\ARM_GCC_541\Debug\Lab3.a(b_isr.o)
 .text.b_isr_GetState
                0x00000000       0x10 .\CortexM0\ARM_GCC_541\Debug\Lab3.a(b_isr.o)
 .text.b_isr_Start
                0x00000000       0x1c .\CortexM0\ARM_GCC_541\Debug\Lab3.a(b_isr.o)
 .text.b_isr_Stop
                0x00000000       0x14 .\CortexM0\ARM_GCC_541\Debug\Lab3.a(b_isr.o)
 .text.b_isr_SetPending
                0x00000000        0xc .\CortexM0\ARM_GCC_541\Debug\Lab3.a(b_isr.o)
 .text.b_isr_ClearPending
                0x00000000        0xc .\CortexM0\ARM_GCC_541\Debug\Lab3.a(b_isr.o)
 .text          0x00000000        0x0 .\CortexM0\ARM_GCC_541\Debug\Lab3.a(b_encoder.o)
 .data          0x00000000        0x0 .\CortexM0\ARM_GCC_541\Debug\Lab3.a(b_encoder.o)
 .bss           0x00000000        0x0 .\CortexM0\ARM_GCC_541\Debug\Lab3.a(b_encoder.o)
 .text.b_encoder_SetDriveMode
                0x00000000       0x14 .\CortexM0\ARM_GCC_541\Debug\Lab3.a(b_encoder.o)
 .text.b_encoder_Write
                0x00000000       0x18 .\CortexM0\ARM_GCC_541\Debug\Lab3.a(b_encoder.o)
 .text.b_encoder_Read
                0x00000000       0x10 .\CortexM0\ARM_GCC_541\Debug\Lab3.a(b_encoder.o)
 .text.b_encoder_ReadDataReg
                0x00000000       0x10 .\CortexM0\ARM_GCC_541\Debug\Lab3.a(b_encoder.o)
 .text.b_encoder_SetInterruptMode
                0x00000000       0x14 .\CortexM0\ARM_GCC_541\Debug\Lab3.a(b_encoder.o)
 .text          0x00000000        0x0 .\CortexM0\ARM_GCC_541\Debug\Lab3.a(b_encoder_isr.o)
 .data          0x00000000        0x0 .\CortexM0\ARM_GCC_541\Debug\Lab3.a(b_encoder_isr.o)
 .bss           0x00000000        0x0 .\CortexM0\ARM_GCC_541\Debug\Lab3.a(b_encoder_isr.o)
 .text.b_encoder_isr_Interrupt
                0x00000000        0x4 .\CortexM0\ARM_GCC_541\Debug\Lab3.a(b_encoder_isr.o)
 .text.b_encoder_isr_GetVector
                0x00000000        0xc .\CortexM0\ARM_GCC_541\Debug\Lab3.a(b_encoder_isr.o)
 .text.b_encoder_isr_GetPriority
                0x00000000       0x10 .\CortexM0\ARM_GCC_541\Debug\Lab3.a(b_encoder_isr.o)
 .text.b_encoder_isr_GetState
                0x00000000       0x14 .\CortexM0\ARM_GCC_541\Debug\Lab3.a(b_encoder_isr.o)
 .text.b_encoder_isr_Start
                0x00000000       0x1c .\CortexM0\ARM_GCC_541\Debug\Lab3.a(b_encoder_isr.o)
 .text.b_encoder_isr_Stop
                0x00000000       0x14 .\CortexM0\ARM_GCC_541\Debug\Lab3.a(b_encoder_isr.o)
 .text.b_encoder_isr_SetPending
                0x00000000        0xc .\CortexM0\ARM_GCC_541\Debug\Lab3.a(b_encoder_isr.o)
 .text.b_encoder_isr_ClearPending
                0x00000000        0xc .\CortexM0\ARM_GCC_541\Debug\Lab3.a(b_encoder_isr.o)
 .data          0x00000000        0x0 .\CortexM0\ARM_GCC_541\Debug\Lab3.a(CyBootAsmGnu.o)
 .bss           0x00000000        0x0 .\CortexM0\ARM_GCC_541\Debug\Lab3.a(CyBootAsmGnu.o)
 .text          0x00000000        0x0 .\CortexM0\ARM_GCC_541\Debug\Lab3.a(CyFlash.o)
 .data          0x00000000        0x0 .\CortexM0\ARM_GCC_541\Debug\Lab3.a(CyFlash.o)
 .bss           0x00000000        0x0 .\CortexM0\ARM_GCC_541\Debug\Lab3.a(CyFlash.o)
 .text.CySysFlashClockBackup
                0x00000000        0x4 .\CortexM0\ARM_GCC_541\Debug\Lab3.a(CyFlash.o)
 .text.CySysFlashClockRestore
                0x00000000        0x4 .\CortexM0\ARM_GCC_541\Debug\Lab3.a(CyFlash.o)
 .text.CySysFlashWriteRow
                0x00000000      0x124 .\CortexM0\ARM_GCC_541\Debug\Lab3.a(CyFlash.o)
 .text.CySysSFlashWriteUserRow
                0x00000000      0x110 .\CortexM0\ARM_GCC_541\Debug\Lab3.a(CyFlash.o)
 .data          0x00000000        0x0 d:/program files/cypress/psoc/psoc creator/4.4/psoc creator/import/gnu/arm/5.4.1/bin/../lib/gcc/arm-none-eabi/5.4.1/armv6-m\libgcc.a(_udivsi3.o)
 .bss           0x00000000        0x0 d:/program files/cypress/psoc/psoc creator/4.4/psoc creator/import/gnu/arm/5.4.1/bin/../lib/gcc/arm-none-eabi/5.4.1/armv6-m\libgcc.a(_udivsi3.o)
 .text          0x00000000      0x1d4 d:/program files/cypress/psoc/psoc creator/4.4/psoc creator/import/gnu/arm/5.4.1/bin/../lib/gcc/arm-none-eabi/5.4.1/armv6-m\libgcc.a(_divsi3.o)
 .data          0x00000000        0x0 d:/program files/cypress/psoc/psoc creator/4.4/psoc creator/import/gnu/arm/5.4.1/bin/../lib/gcc/arm-none-eabi/5.4.1/armv6-m\libgcc.a(_divsi3.o)
 .bss           0x00000000        0x0 d:/program files/cypress/psoc/psoc creator/4.4/psoc creator/import/gnu/arm/5.4.1/bin/../lib/gcc/arm-none-eabi/5.4.1/armv6-m\libgcc.a(_divsi3.o)
 .data          0x00000000        0x0 d:/program files/cypress/psoc/psoc creator/4.4/psoc creator/import/gnu/arm/5.4.1/bin/../lib/gcc/arm-none-eabi/5.4.1/armv6-m\libgcc.a(_dvmd_tls.o)
 .bss           0x00000000        0x0 d:/program files/cypress/psoc/psoc creator/4.4/psoc creator/import/gnu/arm/5.4.1/bin/../lib/gcc/arm-none-eabi/5.4.1/armv6-m\libgcc.a(_dvmd_tls.o)
 .text          0x00000000        0x0 d:/program files/cypress/psoc/psoc creator/4.4/psoc creator/import/gnu/arm/5.4.1/bin/../lib/gcc/arm-none-eabi/5.4.1/../../../../arm-none-eabi/lib/armv6-m\libg_nano.a(lib_a-errno.o)
 .data          0x00000000        0x0 d:/program files/cypress/psoc/psoc creator/4.4/psoc creator/import/gnu/arm/5.4.1/bin/../lib/gcc/arm-none-eabi/5.4.1/../../../../arm-none-eabi/lib/armv6-m\libg_nano.a(lib_a-errno.o)
 .bss           0x00000000        0x0 d:/program files/cypress/psoc/psoc creator/4.4/psoc creator/import/gnu/arm/5.4.1/bin/../lib/gcc/arm-none-eabi/5.4.1/../../../../arm-none-eabi/lib/armv6-m\libg_nano.a(lib_a-errno.o)
 .text          0x00000000        0x0 d:/program files/cypress/psoc/psoc creator/4.4/psoc creator/import/gnu/arm/5.4.1/bin/../lib/gcc/arm-none-eabi/5.4.1/../../../../arm-none-eabi/lib/armv6-m\libg_nano.a(lib_a-exit.o)
 .data          0x00000000        0x0 d:/program files/cypress/psoc/psoc creator/4.4/psoc creator/import/gnu/arm/5.4.1/bin/../lib/gcc/arm-none-eabi/5.4.1/../../../../arm-none-eabi/lib/armv6-m\libg_nano.a(lib_a-exit.o)
 .bss           0x00000000        0x0 d:/program files/cypress/psoc/psoc creator/4.4/psoc creator/import/gnu/arm/5.4.1/bin/../lib/gcc/arm-none-eabi/5.4.1/../../../../arm-none-eabi/lib/armv6-m\libg_nano.a(lib_a-exit.o)
 .text.exit     0x00000000       0x2c d:/program files/cypress/psoc/psoc creator/4.4/psoc creator/import/gnu/arm/5.4.1/bin/../lib/gcc/arm-none-eabi/5.4.1/../../../../arm-none-eabi/lib/armv6-m\libg_nano.a(lib_a-exit.o)
 .text          0x00000000        0x0 d:/program files/cypress/psoc/psoc creator/4.4/psoc creator/import/gnu/arm/5.4.1/bin/../lib/gcc/arm-none-eabi/5.4.1/../../../../arm-none-eabi/lib/armv6-m\libg_nano.a(lib_a-impure.o)
 .data          0x00000000        0x0 d:/program files/cypress/psoc/psoc creator/4.4/psoc creator/import/gnu/arm/5.4.1/bin/../lib/gcc/arm-none-eabi/5.4.1/../../../../arm-none-eabi/lib/armv6-m\libg_nano.a(lib_a-impure.o)
 .bss           0x00000000        0x0 d:/program files/cypress/psoc/psoc creator/4.4/psoc creator/import/gnu/arm/5.4.1/bin/../lib/gcc/arm-none-eabi/5.4.1/../../../../arm-none-eabi/lib/armv6-m\libg_nano.a(lib_a-impure.o)
 .rodata._global_impure_ptr
                0x00000000        0x4 d:/program files/cypress/psoc/psoc creator/4.4/psoc creator/import/gnu/arm/5.4.1/bin/../lib/gcc/arm-none-eabi/5.4.1/../../../../arm-none-eabi/lib/armv6-m\libg_nano.a(lib_a-impure.o)
 .text          0x00000000        0x0 d:/program files/cypress/psoc/psoc creator/4.4/psoc creator/import/gnu/arm/5.4.1/bin/../lib/gcc/arm-none-eabi/5.4.1/../../../../arm-none-eabi/lib/armv6-m\libg_nano.a(lib_a-init.o)
 .data          0x00000000        0x0 d:/program files/cypress/psoc/psoc creator/4.4/psoc creator/import/gnu/arm/5.4.1/bin/../lib/gcc/arm-none-eabi/5.4.1/../../../../arm-none-eabi/lib/armv6-m\libg_nano.a(lib_a-init.o)
 .bss           0x00000000        0x0 d:/program files/cypress/psoc/psoc creator/4.4/psoc creator/import/gnu/arm/5.4.1/bin/../lib/gcc/arm-none-eabi/5.4.1/../../../../arm-none-eabi/lib/armv6-m\libg_nano.a(lib_a-init.o)
 .text          0x00000000        0x0 d:/program files/cypress/psoc/psoc creator/4.4/psoc creator/import/gnu/arm/5.4.1/bin/../lib/gcc/arm-none-eabi/5.4.1/../../../../arm-none-eabi/lib/armv6-m\libg_nano.a(lib_a-memcpy-stub.o)
 .data          0x00000000        0x0 d:/program files/cypress/psoc/psoc creator/4.4/psoc creator/import/gnu/arm/5.4.1/bin/../lib/gcc/arm-none-eabi/5.4.1/../../../../arm-none-eabi/lib/armv6-m\libg_nano.a(lib_a-memcpy-stub.o)
 .bss           0x00000000        0x0 d:/program files/cypress/psoc/psoc creator/4.4/psoc creator/import/gnu/arm/5.4.1/bin/../lib/gcc/arm-none-eabi/5.4.1/../../../../arm-none-eabi/lib/armv6-m\libg_nano.a(lib_a-memcpy-stub.o)
 .text.memcpy   0x00000000       0x12 d:/program files/cypress/psoc/psoc creator/4.4/psoc creator/import/gnu/arm/5.4.1/bin/../lib/gcc/arm-none-eabi/5.4.1/../../../../arm-none-eabi/lib/armv6-m\libg_nano.a(lib_a-memcpy-stub.o)
 .text          0x00000000        0x0 d:/program files/cypress/psoc/psoc creator/4.4/psoc creator/import/gnu/arm/5.4.1/bin/../lib/gcc/arm-none-eabi/5.4.1/../../../../arm-none-eabi/lib/armv6-m\libg_nano.a(lib_a-memset.o)
 .data          0x00000000        0x0 d:/program files/cypress/psoc/psoc creator/4.4/psoc creator/import/gnu/arm/5.4.1/bin/../lib/gcc/arm-none-eabi/5.4.1/../../../../arm-none-eabi/lib/armv6-m\libg_nano.a(lib_a-memset.o)
 .bss           0x00000000        0x0 d:/program files/cypress/psoc/psoc creator/4.4/psoc creator/import/gnu/arm/5.4.1/bin/../lib/gcc/arm-none-eabi/5.4.1/../../../../arm-none-eabi/lib/armv6-m\libg_nano.a(lib_a-memset.o)
 .text          0x00000000        0x0 d:/program files/cypress/psoc/psoc creator/4.4/psoc creator/import/gnu/arm/5.4.1/bin/../lib/gcc/arm-none-eabi/5.4.1/armv6-m/crtend.o
 .data          0x00000000        0x0 d:/program files/cypress/psoc/psoc creator/4.4/psoc creator/import/gnu/arm/5.4.1/bin/../lib/gcc/arm-none-eabi/5.4.1/armv6-m/crtend.o
 .bss           0x00000000        0x0 d:/program files/cypress/psoc/psoc creator/4.4/psoc creator/import/gnu/arm/5.4.1/bin/../lib/gcc/arm-none-eabi/5.4.1/armv6-m/crtend.o
 .text          0x00000000        0x0 d:/program files/cypress/psoc/psoc creator/4.4/psoc creator/import/gnu/arm/5.4.1/bin/../lib/gcc/arm-none-eabi/5.4.1/armv6-m/crtn.o
 .data          0x00000000        0x0 d:/program files/cypress/psoc/psoc creator/4.4/psoc creator/import/gnu/arm/5.4.1/bin/../lib/gcc/arm-none-eabi/5.4.1/armv6-m/crtn.o
 .bss           0x00000000        0x0 d:/program files/cypress/psoc/psoc creator/4.4/psoc creator/import/gnu/arm/5.4.1/bin/../lib/gcc/arm-none-eabi/5.4.1/armv6-m/crtn.o

Memory Configuration

Name             Origin             Length             Attributes
rom              0x00000000         0x00020000         xr
ram              0x20000000         0x00004000         xrw
*default*        0x00000000         0xffffffff

Linker script and memory map

LOAD d:/program files/cypress/psoc/psoc creator/4.4/psoc creator/import/gnu/arm/5.4.1/bin/../lib/gcc/arm-none-eabi/5.4.1/armv6-m/crti.o
LOAD d:/program files/cypress/psoc/psoc creator/4.4/psoc creator/import/gnu/arm/5.4.1/bin/../lib/gcc/arm-none-eabi/5.4.1/armv6-m/crtbegin.o
LOAD d:/program files/cypress/psoc/psoc creator/4.4/psoc creator/import/gnu/arm/5.4.1/bin/../lib/gcc/arm-none-eabi/5.4.1/../../../../arm-none-eabi/lib/armv6-m/crt0.o
START GROUP
LOAD .\CortexM0\ARM_GCC_541\Debug\main.o
LOAD .\CortexM0\ARM_GCC_541\Debug\cyfitter_cfg.o
LOAD .\CortexM0\ARM_GCC_541\Debug\cymetadata.o
LOAD .\CortexM0\ARM_GCC_541\Debug\Cm0Start.o
LOAD .\CortexM0\ARM_GCC_541\Debug\Lab3.a
END GROUP
START GROUP
LOAD d:/program files/cypress/psoc/psoc creator/4.4/psoc creator/import/gnu/arm/5.4.1/bin/../lib/gcc/arm-none-eabi/5.4.1/armv6-m\libgcc.a
LOAD d:/program files/cypress/psoc/psoc creator/4.4/psoc creator/import/gnu/arm/5.4.1/bin/../lib/gcc/arm-none-eabi/5.4.1/../../../../arm-none-eabi/lib/armv6-m\libg_nano.a
LOAD d:/program files/cypress/psoc/psoc creator/4.4/psoc creator/import/gnu/arm/5.4.1/bin/../lib/gcc/arm-none-eabi/5.4.1/../../../../arm-none-eabi/lib/armv6-m\libc_nano.a
END GROUP
START GROUP
LOAD d:/program files/cypress/psoc/psoc creator/4.4/psoc creator/import/gnu/arm/5.4.1/bin/../lib/gcc/arm-none-eabi/5.4.1/armv6-m\libgcc.a
LOAD d:/program files/cypress/psoc/psoc creator/4.4/psoc creator/import/gnu/arm/5.4.1/bin/../lib/gcc/arm-none-eabi/5.4.1/../../../../arm-none-eabi/lib/armv6-m\libc_nano.a
END GROUP
LOAD d:/program files/cypress/psoc/psoc creator/4.4/psoc creator/import/gnu/arm/5.4.1/bin/../lib/gcc/arm-none-eabi/5.4.1/armv6-m/crtend.o
LOAD d:/program files/cypress/psoc/psoc creator/4.4/psoc creator/import/gnu/arm/5.4.1/bin/../lib/gcc/arm-none-eabi/5.4.1/armv6-m/crtn.o
START GROUP
LOAD d:/program files/cypress/psoc/psoc creator/4.4/psoc creator/import/gnu/arm/5.4.1/bin/../lib/gcc/arm-none-eabi/5.4.1/armv6-m\libgcc.a
LOAD d:/program files/cypress/psoc/psoc creator/4.4/psoc creator/import/gnu/arm/5.4.1/bin/../lib/gcc/arm-none-eabi/5.4.1/../../../../arm-none-eabi/lib/armv6-m\libc.a
LOAD d:/program files/cypress/psoc/psoc creator/4.4/psoc creator/import/gnu/arm/5.4.1/bin/../lib/gcc/arm-none-eabi/5.4.1/../../../../arm-none-eabi/lib/armv6-m\libnosys.a
END GROUP
                0x00000000                CY_APPL_ORIGIN = 0x0
                0x00000080                CY_FLASH_ROW_SIZE = 0x80
                0x00000001                CY_APPL_NUM = 0x1
                0x00000001                CY_APPL_MAX = 0x1
                0x00000040                CY_METADATA_SIZE = 0x40
                0x00000000                CY_APPL_LOADABLE = 0x0
                0x00000000                CY_CHECKSUM_EXCLUDE_SIZE = ALIGN (0x0, CY_FLASH_ROW_SIZE)
                0x00000000                CY_APP_FOR_STACK_AND_COPIER = 0x0
                [!provide]                PROVIDE (__cy_heap_start, _end)
                0x00000001                PROVIDE (__cy_region_num, ((__cy_regions_end - __cy_regions) / 0x10))
                0x20004000                PROVIDE (__cy_stack, (ORIGIN (ram) + LENGTH (ram)))
                [!provide]                PROVIDE (__cy_heap_end, (__cy_stack - 0x800))

.cybootloader   0x00000000        0x0
 *(.cybootloader)
                0x00000000                appl1_start = CY_APPL_ORIGIN?CY_APPL_ORIGIN:ALIGN (CY_FLASH_ROW_SIZE)
                0x0000ff80                appl2_start = (appl1_start + ALIGN ((((LENGTH (rom) - appl1_start) - (0x2 * CY_FLASH_ROW_SIZE)) / 0x2), CY_FLASH_ROW_SIZE))
                0x00000000                appl_start = (CY_APPL_NUM == 0x1)?appl1_start:appl2_start
                0x00000001                cy_project_type_bootloader = (appl_start == 0x0)?0x1:0x0
                0x00000000                cy_project_type_app_for_stack_and_copier = (CY_APP_FOR_STACK_AND_COPIER == 0x1)?0x1:0x0

.text           0x00000000     0x1504
 CREATE_OBJECT_SYMBOLS
                0x00000000                PROVIDE (__cy_interrupt_vector, RomVectors)
 *(.romvectors)
 .romvectors    0x00000000       0x10 .\CortexM0\ARM_GCC_541\Debug\Cm0Start.o
                0x00000000                RomVectors
                0x00000001                ASSERT ((. != __cy_interrupt_vector), No interrupt vector)
                0x00000001                ASSERT (CY_APPL_ORIGIN?(SIZEOF (.cybootloader) <= CY_APPL_ORIGIN):0x1, Wrong image location)
                0x00000010                PROVIDE (__cy_reset, Reset)
 *(.text.Reset)
 .text.Reset    0x00000010        0x8 .\CortexM0\ARM_GCC_541\Debug\Cm0Start.o
                0x00000010                Reset
                0x00000001                ASSERT ((. != __cy_reset), No reset code)
 *(.psocinit)
 .psocinit      0x00000018      0x1a8 .\CortexM0\ARM_GCC_541\Debug\cyfitter_cfg.o
                0x000000b0                cyfitter_cfg
                0x000001c0                . = MAX (., 0x100)
 *(.text .text.* .gnu.linkonce.t.*)
 .text          0x000001c0       0x60 d:/program files/cypress/psoc/psoc creator/4.4/psoc creator/import/gnu/arm/5.4.1/bin/../lib/gcc/arm-none-eabi/5.4.1/armv6-m/crtbegin.o
 .text.b_isr_interrupt
                0x00000220       0x1c .\CortexM0\ARM_GCC_541\Debug\main.o
                0x00000220                b_isr_interrupt
 .text.b_encoder_isr_interrupt
                0x0000023c       0x28 .\CortexM0\ARM_GCC_541\Debug\main.o
                0x0000023c                b_encoder_isr_interrupt
 .text.main     0x00000264      0x274 .\CortexM0\ARM_GCC_541\Debug\main.o
                0x00000264                main
 .text.first_algo_green
                0x000004d8      0x118 .\CortexM0\ARM_GCC_541\Debug\main.o
                0x000004d8                first_algo_green
 .text.first_algo_red
                0x000005f0       0x28 .\CortexM0\ARM_GCC_541\Debug\main.o
                0x000005f0                first_algo_red
 .text.second_algo_green
                0x00000618       0x28 .\CortexM0\ARM_GCC_541\Debug\main.o
                0x00000618                second_algo_green
 .text.second_algo_red
                0x00000640      0x120 .\CortexM0\ARM_GCC_541\Debug\main.o
                0x00000640                second_algo_red
 .text.t_isr_interrupt
                0x00000760       0x98 .\CortexM0\ARM_GCC_541\Debug\main.o
                0x00000760                t_isr_interrupt
 .text.cfg_write_bytes32
                0x000007f8       0x34 .\CortexM0\ARM_GCC_541\Debug\cyfitter_cfg.o
 .text.AnalogSetDefault
                0x0000082c       0x20 .\CortexM0\ARM_GCC_541\Debug\cyfitter_cfg.o
 .text.CYMEMZERO
                0x0000084c        0xc .\CortexM0\ARM_GCC_541\Debug\cyfitter_cfg.o
 .text.IntDefaultHandler
                0x00000858       0x10 .\CortexM0\ARM_GCC_541\Debug\Cm0Start.o
                0x00000858                IntDefaultHandler
 .text.Start_c  0x00000868       0x48 .\CortexM0\ARM_GCC_541\Debug\Cm0Start.o
                0x00000868                Start_c
 .text.initialize_psoc
                0x000008b0       0x4c .\CortexM0\ARM_GCC_541\Debug\Cm0Start.o
                0x000008b0                initialize_psoc
 .text.button_ClearInterrupt
                0x000008fc       0x14 .\CortexM0\ARM_GCC_541\Debug\Lab3.a(button.o)
                0x000008fc                button_ClearInterrupt
 .text.CySysClkImoDisableWcoLock
                0x00000910       0x54 .\CortexM0\ARM_GCC_541\Debug\Lab3.a(CyLib.o)
                0x00000910                CySysClkImoDisableWcoLock
 .text.CySysClkImoGetWcoLock
                0x00000964       0x14 .\CortexM0\ARM_GCC_541\Debug\Lab3.a(CyLib.o)
                0x00000964                CySysClkImoGetWcoLock
 .text.CyIntEnable
                0x00000978       0x14 .\CortexM0\ARM_GCC_541\Debug\Lab3.a(CyLib.o)
                0x00000978                CyIntEnable
 .text.CyHalt   0x0000098c        0x4 .\CortexM0\ARM_GCC_541\Debug\Lab3.a(CyLib.o)
                0x0000098c                CyHalt
 .text.CyIntSetVector
                0x00000990       0x24 .\CortexM0\ARM_GCC_541\Debug\Lab3.a(CyLib.o)
                0x00000990                CyIntSetVector
 .text.CyDelay  0x000009b4       0x30 .\CortexM0\ARM_GCC_541\Debug\Lab3.a(CyLib.o)
                0x000009b4                CyDelay
 .text.CySysClkImoEnableWcoLock
                0x000009e4       0xf4 .\CortexM0\ARM_GCC_541\Debug\Lab3.a(CyLib.o)
                0x000009e4                CySysClkImoEnableWcoLock
 .text.CySysClkWriteImoFreq
                0x00000ad8       0x80 .\CortexM0\ARM_GCC_541\Debug\Lab3.a(CyLib.o)
                0x00000ad8                CySysClkWriteImoFreq
 .text.CyDelayUs
                0x00000b58       0x14 .\CortexM0\ARM_GCC_541\Debug\Lab3.a(CyLib.o)
                0x00000b58                CyDelayUs
 .text.CySysWdtLocked
                0x00000b6c       0x14 .\CortexM0\ARM_GCC_541\Debug\Lab3.a(CyLFClk.o)
 .text.CySysClkWcoEnabled
                0x00000b80       0x14 .\CortexM0\ARM_GCC_541\Debug\Lab3.a(CyLFClk.o)
                0x00000b80                CySysClkWcoEnabled
 .text.CySysWdtLock
                0x00000b94       0x1c .\CortexM0\ARM_GCC_541\Debug\Lab3.a(CyLFClk.o)
                0x00000b94                CySysWdtLock
 .text.CySysWdtUnlock
                0x00000bb0       0x30 .\CortexM0\ARM_GCC_541\Debug\Lab3.a(CyLFClk.o)
                0x00000bb0                CySysWdtUnlock
 .text.CySysWdtClearInterrupt
                0x00000be0       0x4c .\CortexM0\ARM_GCC_541\Debug\Lab3.a(CyLFClk.o)
                0x00000be0                CySysWdtClearInterrupt
 .text.CySysWdtIsr
                0x00000c2c       0xa4 .\CortexM0\ARM_GCC_541\Debug\Lab3.a(CyLFClk.o)
                0x00000c2c                CySysWdtIsr
 .text.LCD_char_WrCntrlNib
                0x00000cd0       0x34 .\CortexM0\ARM_GCC_541\Debug\Lab3.a(LCD_char.o)
 .text.LCD_char_WrDatNib
                0x00000d04       0x44 .\CortexM0\ARM_GCC_541\Debug\Lab3.a(LCD_char.o)
 .text.LCD_char_IsReady
                0x00000d48       0xb4 .\CortexM0\ARM_GCC_541\Debug\Lab3.a(LCD_char.o)
                0x00000d48                LCD_char_IsReady
 .text.LCD_char_WriteData
                0x00000dfc       0x18 .\CortexM0\ARM_GCC_541\Debug\Lab3.a(LCD_char.o)
                0x00000dfc                LCD_char_WriteData
 .text.LCD_char_PrintString
                0x00000e14       0x1c .\CortexM0\ARM_GCC_541\Debug\Lab3.a(LCD_char.o)
                0x00000e14                LCD_char_PrintString
 .text.LCD_char_PutChar
                0x00000e30        0x8 .\CortexM0\ARM_GCC_541\Debug\Lab3.a(LCD_char.o)
                0x00000e30                LCD_char_PutChar
 .text.LCD_char_WriteControl
                0x00000e38       0x18 .\CortexM0\ARM_GCC_541\Debug\Lab3.a(LCD_char.o)
                0x00000e38                LCD_char_WriteControl
 .text.LCD_char_Init
                0x00000e50       0x6c .\CortexM0\ARM_GCC_541\Debug\Lab3.a(LCD_char.o)
                0x00000e50                LCD_char_Init
 .text.LCD_char_Enable
                0x00000ebc       0x14 .\CortexM0\ARM_GCC_541\Debug\Lab3.a(LCD_char.o)
                0x00000ebc                LCD_char_Enable
 .text.LCD_char_Start
                0x00000ed0       0x20 .\CortexM0\ARM_GCC_541\Debug\Lab3.a(LCD_char.o)
                0x00000ed0                LCD_char_Start
 .text.LCD_char_Position
                0x00000ef0       0x3c .\CortexM0\ARM_GCC_541\Debug\Lab3.a(LCD_char.o)
                0x00000ef0                LCD_char_Position
 .text.LCD_char_PrintU32Number
                0x00000f2c       0x4c .\CortexM0\ARM_GCC_541\Debug\Lab3.a(LCD_char.o)
                0x00000f2c                LCD_char_PrintU32Number
 .text.QuadDec_GetCounter
                0x00000f78        0xc .\CortexM0\ARM_GCC_541\Debug\Lab3.a(QuadDec.o)
                0x00000f78                QuadDec_GetCounter
 .text.QuadDec_SetCounter
                0x00000f84       0x18 .\CortexM0\ARM_GCC_541\Debug\Lab3.a(QuadDec.o)
                0x00000f84                QuadDec_SetCounter
 .text.QuadDec_GetEvents
                0x00000f9c       0x10 .\CortexM0\ARM_GCC_541\Debug\Lab3.a(QuadDec.o)
                0x00000f9c                QuadDec_GetEvents
 .text.QuadDec_SetInterruptMask
                0x00000fac        0xc .\CortexM0\ARM_GCC_541\Debug\Lab3.a(QuadDec.o)
                0x00000fac                QuadDec_SetInterruptMask
 .text.QuadDec_Enable
                0x00000fb8       0x28 .\CortexM0\ARM_GCC_541\Debug\Lab3.a(QuadDec.o)
                0x00000fb8                QuadDec_Enable
 .text.QuadDec_Start
                0x00000fe0       0x24 .\CortexM0\ARM_GCC_541\Debug\Lab3.a(QuadDec.o)
                0x00000fe0                QuadDec_Start
 .text.QuadDec_Cnt8_Enable
                0x00001004       0x14 .\CortexM0\ARM_GCC_541\Debug\Lab3.a(QuadDec_Cnt8.o)
                0x00001004                QuadDec_Cnt8_Enable
 .text.QuadDec_Cnt8_SetInterruptMode
                0x00001018        0xc .\CortexM0\ARM_GCC_541\Debug\Lab3.a(QuadDec_Cnt8.o)
                0x00001018                QuadDec_Cnt8_SetInterruptMode
 .text.QuadDec_Cnt8_ReadStatusRegister
                0x00001024        0xc .\CortexM0\ARM_GCC_541\Debug\Lab3.a(QuadDec_Cnt8.o)
                0x00001024                QuadDec_Cnt8_ReadStatusRegister
 .text.QuadDec_Cnt8_WriteCounter
                0x00001030        0xc .\CortexM0\ARM_GCC_541\Debug\Lab3.a(QuadDec_Cnt8.o)
                0x00001030                QuadDec_Cnt8_WriteCounter
 .text.QuadDec_Cnt8_ReadCounter
                0x0000103c       0x14 .\CortexM0\ARM_GCC_541\Debug\Lab3.a(QuadDec_Cnt8.o)
                0x0000103c                QuadDec_Cnt8_ReadCounter
 .text.QuadDec_Cnt8_ReadCapture
                0x00001050        0xc .\CortexM0\ARM_GCC_541\Debug\Lab3.a(QuadDec_Cnt8.o)
                0x00001050                QuadDec_Cnt8_ReadCapture
 .text.QuadDec_Cnt8_WritePeriod
                0x0000105c        0xc .\CortexM0\ARM_GCC_541\Debug\Lab3.a(QuadDec_Cnt8.o)
                0x0000105c                QuadDec_Cnt8_WritePeriod
 .text.QuadDec_Cnt8_WriteCompare
                0x00001068        0xc .\CortexM0\ARM_GCC_541\Debug\Lab3.a(QuadDec_Cnt8.o)
                0x00001068                QuadDec_Cnt8_WriteCompare
 .text.QuadDec_Cnt8_ClearFIFO
                0x00001074       0x14 .\CortexM0\ARM_GCC_541\Debug\Lab3.a(QuadDec_Cnt8.o)
                0x00001074                QuadDec_Cnt8_ClearFIFO
 .text.QuadDec_Cnt8_Init
                0x00001088       0x54 .\CortexM0\ARM_GCC_541\Debug\Lab3.a(QuadDec_Cnt8.o)
                0x00001088                QuadDec_Cnt8_Init
 .text.QuadDec_Cnt8_Start
                0x000010dc       0x20 .\CortexM0\ARM_GCC_541\Debug\Lab3.a(QuadDec_Cnt8.o)
                0x000010dc                QuadDec_Cnt8_Start
 .text.t_counter_WriteCounter
                0x000010fc       0x10 .\CortexM0\ARM_GCC_541\Debug\Lab3.a(t_counter.o)
                0x000010fc                t_counter_WriteCounter
 .text.t_counter_WritePeriod
                0x0000110c       0x10 .\CortexM0\ARM_GCC_541\Debug\Lab3.a(t_counter.o)
                0x0000110c                t_counter_WritePeriod
 .text.t_counter_TriggerCommand
                0x0000111c       0x1c .\CortexM0\ARM_GCC_541\Debug\Lab3.a(t_counter.o)
                0x0000111c                t_counter_TriggerCommand
 .text.t_counter_Enable
                0x00001138       0x24 .\CortexM0\ARM_GCC_541\Debug\Lab3.a(t_counter.o)
                0x00001138                t_counter_Enable
 .text.t_counter_SetInterruptMode
                0x0000115c        0xc .\CortexM0\ARM_GCC_541\Debug\Lab3.a(t_counter.o)
                0x0000115c                t_counter_SetInterruptMode
 .text.t_counter_Init
                0x00001168       0x30 .\CortexM0\ARM_GCC_541\Debug\Lab3.a(t_counter.o)
                0x00001168                t_counter_Init
 .text.t_counter_Start
                0x00001198       0x20 .\CortexM0\ARM_GCC_541\Debug\Lab3.a(t_counter.o)
                0x00001198                t_counter_Start
 .text.t_counter_ClearInterrupt
                0x000011b8        0xc .\CortexM0\ARM_GCC_541\Debug\Lab3.a(t_counter.o)
                0x000011b8                t_counter_ClearInterrupt
 .text.t_isr_SetVector
                0x000011c4        0xc .\CortexM0\ARM_GCC_541\Debug\Lab3.a(t_isr.o)
                0x000011c4                t_isr_SetVector
 .text.t_isr_SetPriority
                0x000011d0       0x20 .\CortexM0\ARM_GCC_541\Debug\Lab3.a(t_isr.o)
                0x000011d0                t_isr_SetPriority
 .text.t_isr_Enable
                0x000011f0       0x10 .\CortexM0\ARM_GCC_541\Debug\Lab3.a(t_isr.o)
                0x000011f0                t_isr_Enable
 .text.t_isr_Disable
                0x00001200       0x10 .\CortexM0\ARM_GCC_541\Debug\Lab3.a(t_isr.o)
                0x00001200                t_isr_Disable
 .text.t_isr_StartEx
                0x00001210       0x1c .\CortexM0\ARM_GCC_541\Debug\Lab3.a(t_isr.o)
                0x00001210                t_isr_StartEx
 .text.c_register_Write
                0x0000122c        0xc .\CortexM0\ARM_GCC_541\Debug\Lab3.a(c_register.o)
                0x0000122c                c_register_Write
 .text.b_isr_SetVector
                0x00001238        0xc .\CortexM0\ARM_GCC_541\Debug\Lab3.a(b_isr.o)
                0x00001238                b_isr_SetVector
 .text.b_isr_SetPriority
                0x00001244       0x20 .\CortexM0\ARM_GCC_541\Debug\Lab3.a(b_isr.o)
                0x00001244                b_isr_SetPriority
 .text.b_isr_Enable
                0x00001264        0xc .\CortexM0\ARM_GCC_541\Debug\Lab3.a(b_isr.o)
                0x00001264                b_isr_Enable
 .text.b_isr_Disable
                0x00001270        0xc .\CortexM0\ARM_GCC_541\Debug\Lab3.a(b_isr.o)
                0x00001270                b_isr_Disable
 .text.b_isr_StartEx
                0x0000127c       0x1c .\CortexM0\ARM_GCC_541\Debug\Lab3.a(b_isr.o)
                0x0000127c                b_isr_StartEx
 .text.b_encoder_ClearInterrupt
                0x00001298       0x14 .\CortexM0\ARM_GCC_541\Debug\Lab3.a(b_encoder.o)
                0x00001298                b_encoder_ClearInterrupt
 .text.b_encoder_isr_SetVector
                0x000012ac        0xc .\CortexM0\ARM_GCC_541\Debug\Lab3.a(b_encoder_isr.o)
                0x000012ac                b_encoder_isr_SetVector
 .text.b_encoder_isr_SetPriority
                0x000012b8       0x24 .\CortexM0\ARM_GCC_541\Debug\Lab3.a(b_encoder_isr.o)
                0x000012b8                b_encoder_isr_SetPriority
 .text.b_encoder_isr_Enable
                0x000012dc        0xc .\CortexM0\ARM_GCC_541\Debug\Lab3.a(b_encoder_isr.o)
                0x000012dc                b_encoder_isr_Enable
 .text.b_encoder_isr_Disable
                0x000012e8        0xc .\CortexM0\ARM_GCC_541\Debug\Lab3.a(b_encoder_isr.o)
                0x000012e8                b_encoder_isr_Disable
 .text.b_encoder_isr_StartEx
                0x000012f4       0x1c .\CortexM0\ARM_GCC_541\Debug\Lab3.a(b_encoder_isr.o)
                0x000012f4                b_encoder_isr_StartEx
 .text          0x00001310       0x20 .\CortexM0\ARM_GCC_541\Debug\Lab3.a(CyBootAsmGnu.o)
                0x00001310                CyDelayCycles
                0x00001322                CyEnterCriticalSection
                0x0000132a                CyExitCriticalSection
 .text.CySysFlashSetWaitCycles
                0x00001330       0x54 .\CortexM0\ARM_GCC_541\Debug\Lab3.a(CyFlash.o)
                0x00001330                CySysFlashSetWaitCycles
 .text          0x00001384      0x114 d:/program files/cypress/psoc/psoc creator/4.4/psoc creator/import/gnu/arm/5.4.1/bin/../lib/gcc/arm-none-eabi/5.4.1/armv6-m\libgcc.a(_udivsi3.o)
                0x00001384                __aeabi_uidiv
                0x00001384                __udivsi3
                0x00001490                __aeabi_uidivmod
 .text          0x00001498        0x4 d:/program files/cypress/psoc/psoc creator/4.4/psoc creator/import/gnu/arm/5.4.1/bin/../lib/gcc/arm-none-eabi/5.4.1/armv6-m\libgcc.a(_dvmd_tls.o)
                0x00001498                __aeabi_idiv0
                0x00001498                __aeabi_ldiv0
 .text.__errno  0x0000149c        0xc d:/program files/cypress/psoc/psoc creator/4.4/psoc creator/import/gnu/arm/5.4.1/bin/../lib/gcc/arm-none-eabi/5.4.1/../../../../arm-none-eabi/lib/armv6-m\libg_nano.a(lib_a-errno.o)
                0x0000149c                __errno
 .text.__libc_init_array
                0x000014a8       0x4c d:/program files/cypress/psoc/psoc creator/4.4/psoc creator/import/gnu/arm/5.4.1/bin/../lib/gcc/arm-none-eabi/5.4.1/../../../../arm-none-eabi/lib/armv6-m\libg_nano.a(lib_a-init.o)
                0x000014a8                __libc_init_array
 .text.memset   0x000014f4       0x10 d:/program files/cypress/psoc/psoc creator/4.4/psoc creator/import/gnu/arm/5.4.1/bin/../lib/gcc/arm-none-eabi/5.4.1/../../../../arm-none-eabi/lib/armv6-m\libg_nano.a(lib_a-memset.o)
                0x000014f4                memset
 *(.plt)
 *(.gnu.warning)
 *(.glue_7t)
 .glue_7t       0x00001504        0x0 linker stubs
 *(.glue_7)
 .glue_7        0x00001504        0x0 linker stubs
 *(.vfp11_veneer)
 .vfp11_veneer  0x00001504        0x0 linker stubs
 *(.bootloader)
 *(.ARM.extab* .gnu.linkonce.armextab.*)
 *(.gcc_except_table)

.v4_bx          0x00001504        0x0
 .v4_bx         0x00001504        0x0 linker stubs

.iplt           0x00001504        0x0
 .iplt          0x00001504        0x0 d:/program files/cypress/psoc/psoc creator/4.4/psoc creator/import/gnu/arm/5.4.1/bin/../lib/gcc/arm-none-eabi/5.4.1/armv6-m/crtbegin.o

.eh_frame_hdr
 *(.eh_frame_hdr)

.eh_frame       0x00001504        0x4
 *(.eh_frame)
 .eh_frame      0x00001504        0x0 d:/program files/cypress/psoc/psoc creator/4.4/psoc creator/import/gnu/arm/5.4.1/bin/../lib/gcc/arm-none-eabi/5.4.1/armv6-m/crtbegin.o
 .eh_frame      0x00001504        0x4 d:/program files/cypress/psoc/psoc creator/4.4/psoc creator/import/gnu/arm/5.4.1/bin/../lib/gcc/arm-none-eabi/5.4.1/armv6-m/crtend.o
                [!provide]                PROVIDE (__exidx_start, .)

.ARM.exidx
 *(.ARM.exidx* .gnu.linkonce.armexidx.*)
                0x00001508                __exidx_end = .

.rodata         0x00001508      0x360
 *(.rodata .rodata.* .gnu.linkonce.r.*)
 .rodata.str1.4
                0x00001508       0x94 .\CortexM0\ARM_GCC_541\Debug\main.o
                                 0x91 (size before relaxing)
 .rodata        0x0000159c      0x264 .\CortexM0\ARM_GCC_541\Debug\cyfitter_cfg.o
 .rodata        0x00001800       0x2e .\CortexM0\ARM_GCC_541\Debug\Lab3.a(CyLib.o)
                0x00001800                cyImoFreqMhz2Reg
 .rodata.str1.1
                0x0000182e        0x2 d:/program files/cypress/psoc/psoc creator/4.4/psoc creator/import/gnu/arm/5.4.1/bin/../lib/gcc/arm-none-eabi/5.4.1/../../../../arm-none-eabi/lib/armv6-m\libg_nano.a(lib_a-impure.o)
                0x00001830                . = ALIGN (0x4)
 *(.init)
 .init          0x00001830        0x4 d:/program files/cypress/psoc/psoc creator/4.4/psoc creator/import/gnu/arm/5.4.1/bin/../lib/gcc/arm-none-eabi/5.4.1/armv6-m/crti.o
                0x00001830                _init
 .init          0x00001834        0x8 d:/program files/cypress/psoc/psoc creator/4.4/psoc creator/import/gnu/arm/5.4.1/bin/../lib/gcc/arm-none-eabi/5.4.1/armv6-m/crtn.o
                0x0000183c                . = ALIGN (0x4)
                0x0000183c                __preinit_array_start = .
 *(.preinit_array)
                0x0000183c                __preinit_array_end = .
                0x0000183c                . = ALIGN (0x4)
                0x0000183c                __init_array_start = .
 *(SORT(.init_array.*))
 *(.init_array)
 .init_array    0x0000183c        0x4 d:/program files/cypress/psoc/psoc creator/4.4/psoc creator/import/gnu/arm/5.4.1/bin/../lib/gcc/arm-none-eabi/5.4.1/armv6-m/crtbegin.o
 .init_array    0x00001840        0x4 .\CortexM0\ARM_GCC_541\Debug\Cm0Start.o
                0x00001844                __init_array_end = .
                0x00001844                . = ALIGN (0x4)
 *(.fini)
 .fini          0x00001844        0x4 d:/program files/cypress/psoc/psoc creator/4.4/psoc creator/import/gnu/arm/5.4.1/bin/../lib/gcc/arm-none-eabi/5.4.1/armv6-m/crti.o
                0x00001844                _fini
 .fini          0x00001848        0x8 d:/program files/cypress/psoc/psoc creator/4.4/psoc creator/import/gnu/arm/5.4.1/bin/../lib/gcc/arm-none-eabi/5.4.1/armv6-m/crtn.o
                0x00001850                . = ALIGN (0x4)
                0x00001850                __fini_array_start = .
 *(.fini_array)
 .fini_array    0x00001850        0x4 d:/program files/cypress/psoc/psoc creator/4.4/psoc creator/import/gnu/arm/5.4.1/bin/../lib/gcc/arm-none-eabi/5.4.1/armv6-m/crtbegin.o
 *(SORT(.fini_array.*))
                0x00001854                __fini_array_end = .
                0x00001854                . = ALIGN (0x4)
 *crtbegin.o(.ctors)
 *(EXCLUDE_FILE(*crtend.o) .ctors)
 *(SORT(.ctors.*))
 *crtend.o(.ctors)
                0x00001854                . = ALIGN (0x4)
 *crtbegin.o(.dtors)
 *(EXCLUDE_FILE(*crtend.o) .dtors)
 *(SORT(.dtors.*))
 *crtend.o(.dtors)
                0x00001854                . = ALIGN (0x4)
                0x00001854                __cy_regions = .
                0x00001854        0x4 LONG 0x1868 __cy_region_init_ram
                0x00001858        0x4 LONG 0x200000c0 __cy_region_start_data
                0x0000185c        0x4 LONG 0x88 __cy_region_init_size_ram
                0x00001860        0x4 LONG 0x58 __cy_region_zero_size_ram
                0x00001864                __cy_regions_end = .
                0x00001868                . = ALIGN (0x8)
 *fill*         0x00001864        0x4 
                0x00001868                _etext = .

.cy_checksum_exclude
                0x00001868        0x0
 *(.cy_checksum_exclude)

.ramvectors     0x20000000       0xc0
                0x20000000                __cy_region_start_ram = .
 *(.ramvectors)
 .ramvectors    0x20000000       0xc0 .\CortexM0\ARM_GCC_541\Debug\Cm0Start.o
                0x20000000                CyRamVectors

.noinit
 *(.noinit)

.data           0x200000c0       0x88 load address 0x00001868
                0x200000c0                __cy_region_start_data = .
 *(.jcr)
 .jcr           0x200000c0        0x0 d:/program files/cypress/psoc/psoc creator/4.4/psoc creator/import/gnu/arm/5.4.1/bin/../lib/gcc/arm-none-eabi/5.4.1/armv6-m/crtbegin.o
 .jcr           0x200000c0        0x4 d:/program files/cypress/psoc/psoc creator/4.4/psoc creator/import/gnu/arm/5.4.1/bin/../lib/gcc/arm-none-eabi/5.4.1/armv6-m/crtend.o
 *(.got.plt)
 *(.got)
 *(.shdata)
 *(.data .data.* .gnu.linkonce.d.*)
 .data          0x200000c4       0x14 .\CortexM0\ARM_GCC_541\Debug\Lab3.a(CyLib.o)
                0x200000c4                CySysClkPumpConfig
                0x200000c8                cydelay32kMs
                0x200000cc                cydelayFreqKhz
                0x200000d0                cydelayFreqMhz
                0x200000d4                cydelayFreqHz
 .data          0x200000d8        0x8 .\CortexM0\ARM_GCC_541\Debug\Lab3.a(CyLFClk.o)
 .data.impure_data
                0x200000e0       0x60 d:/program files/cypress/psoc/psoc creator/4.4/psoc creator/import/gnu/arm/5.4.1/bin/../lib/gcc/arm-none-eabi/5.4.1/../../../../arm-none-eabi/lib/armv6-m\libg_nano.a(lib_a-impure.o)
 .data._impure_ptr
                0x20000140        0x4 d:/program files/cypress/psoc/psoc creator/4.4/psoc creator/import/gnu/arm/5.4.1/bin/../lib/gcc/arm-none-eabi/5.4.1/../../../../arm-none-eabi/lib/armv6-m\libg_nano.a(lib_a-impure.o)
                0x20000140                _impure_ptr
                0x20000148                . = ALIGN (0x8)
 *fill*         0x20000144        0x4 
 *(.ram)
                0x20000148                _edata = .

.igot.plt       0x20000148        0x0 load address 0x000018f0
 .igot.plt      0x20000148        0x0 d:/program files/cypress/psoc/psoc creator/4.4/psoc creator/import/gnu/arm/5.4.1/bin/../lib/gcc/arm-none-eabi/5.4.1/armv6-m/crtbegin.o

.bss            0x20000148       0x58 load address 0x000018f0
                0x20000148                PROVIDE (__bss_start__, .)
 *(.shbss)
 *(.bss .bss.* .gnu.linkonce.b.*)
 .bss           0x20000148       0x1c d:/program files/cypress/psoc/psoc creator/4.4/psoc creator/import/gnu/arm/5.4.1/bin/../lib/gcc/arm-none-eabi/5.4.1/armv6-m/crtbegin.o
 .bss           0x20000164        0x6 .\CortexM0\ARM_GCC_541\Debug\main.o
                0x20000164                algorithm
                0x20000165                counter
                0x20000166                display_mode
                0x20000167                mode_has_changed
                0x20000168                display_counter
 *fill*         0x2000016a        0x2 
 .bss           0x2000016c       0x28 .\CortexM0\ARM_GCC_541\Debug\Lab3.a(CyLFClk.o)
 .bss           0x20000194        0x2 .\CortexM0\ARM_GCC_541\Debug\Lab3.a(LCD_char.o)
                0x20000194                LCD_char_enableState
                0x20000195                LCD_char_initVar
 .bss           0x20000196        0x1 .\CortexM0\ARM_GCC_541\Debug\Lab3.a(QuadDec.o)
                0x20000196                QuadDec_initVar
 .bss           0x20000197        0x1 .\CortexM0\ARM_GCC_541\Debug\Lab3.a(QuadDec_Cnt8.o)
                0x20000197                QuadDec_Cnt8_initVar
 .bss           0x20000198        0x1 .\CortexM0\ARM_GCC_541\Debug\Lab3.a(t_counter.o)
                0x20000198                t_counter_initVar
 *(COMMON)
 COMMON         0x20000199        0x3 .\CortexM0\ARM_GCC_541\Debug\main.o
                0x20000199                green_color_time
                0x2000019a                yellow_color_time
                0x2000019b                red_color_time
                0x200001a0                . = ALIGN (0x8)
 *fill*         0x2000019c        0x4 
 *(.ram.b)
                0x200001a0                _end = .
                0x200001a0                __end = .
                0x200001a0                PROVIDE (end, .)
                0x200001a0                PROVIDE (__bss_end__, .)
                0x00001868                __cy_region_init_ram = LOADADDR (.data)
                0x00000088                __cy_region_init_size_ram = (_edata - ADDR (.data))
                0x00000058                __cy_region_zero_size_ram = (_end - _edata)

.heap           0x200001a0       0x80 load address 0x000018f0
                0x200001a0                . = _end
                0x20000220                . = (. + 0x80)
 *fill*         0x200001a0       0x80 
                0x20000220                __cy_heap_limit = .

.stack          0x20003800      0x800
                0x20003800                __cy_stack_limit = .
                0x20004000                . = (. + 0x800)
 *fill*         0x20003800      0x800 
                0x00000001                ASSERT ((__cy_stack_limit >= __cy_heap_limit), region RAM overflowed with stack)
                0x00000000                cy_checksum_exclude_size = (CY_APPL_LOADABLE == 0x1)?SIZEOF (.cy_checksum_exclude):0x0
                0x00000001                ASSERT ((cy_checksum_exclude_size <= CY_CHECKSUM_EXCLUDE_SIZE), CY_BOOT: Section .cy_checksum_exclude size exceedes specified limit.)
                0x0001ffc0                cyloadermeta_start = (cy_project_type_bootloader || cy_project_type_app_for_stack_and_copier)?(LENGTH (rom) - CY_METADATA_SIZE):0xf0000000

.cyloadermeta
 *(.cyloadermeta)
                0x0001ffc0                cyloadablemeta_start = cy_project_type_app_for_stack_and_copier?((LENGTH (rom) - CY_FLASH_ROW_SIZE) - CY_METADATA_SIZE):((LENGTH (rom) - (CY_FLASH_ROW_SIZE * (CY_APPL_NUM - 0x1))) - CY_METADATA_SIZE)

.cyloadablemeta
 *(.cyloadablemeta)

.cyflashprotect
                0x90400000       0x80
 *(.cyflashprotect)
 .cyflashprotect
                0x90400000       0x80 .\CortexM0\ARM_GCC_541\Debug\cymetadata.o
                0x90400000                cy_meta_flashprotect

.cymeta         0x90500000        0xc
 *(.cymeta)
 .cymeta        0x90500000        0xc .\CortexM0\ARM_GCC_541\Debug\cymetadata.o
                0x90500000                cy_metadata

.cychipprotect  0x90600000        0x1
 *(.cychipprotect)
 .cychipprotect
                0x90600000        0x1 .\CortexM0\ARM_GCC_541\Debug\cymetadata.o
                0x90600000                cy_meta_chipprotect

.rel.dyn        0x000018f0        0x0 load address 0x90600004
 .rel.iplt      0x000018f0        0x0 d:/program files/cypress/psoc/psoc creator/4.4/psoc creator/import/gnu/arm/5.4.1/bin/../lib/gcc/arm-none-eabi/5.4.1/armv6-m/crtbegin.o

.stab
 *(.stab)

.stabstr
 *(.stabstr)

.debug
 *(.debug)

.line
 *(.line)

.debug_srcinfo
 *(.debug_srcinfo)

.debug_sfnames
 *(.debug_sfnames)

.debug_aranges  0x00000000      0x9c8
 *(.debug_aranges)
 .debug_aranges
                0x00000000       0x58 .\CortexM0\ARM_GCC_541\Debug\main.o
 .debug_aranges
                0x00000058       0x40 .\CortexM0\ARM_GCC_541\Debug\cyfitter_cfg.o
 .debug_aranges
                0x00000098       0x18 .\CortexM0\ARM_GCC_541\Debug\cymetadata.o
 .debug_aranges
                0x000000b0       0x48 .\CortexM0\ARM_GCC_541\Debug\Cm0Start.o
 .debug_aranges
                0x000000f8       0x48 .\CortexM0\ARM_GCC_541\Debug\Lab3.a(button.o)
 .debug_aranges
                0x00000140      0x1c8 .\CortexM0\ARM_GCC_541\Debug\Lab3.a(CyLib.o)
 .debug_aranges
                0x00000308      0x188 .\CortexM0\ARM_GCC_541\Debug\Lab3.a(CyLFClk.o)
 .debug_aranges
                0x00000490       0x98 .\CortexM0\ARM_GCC_541\Debug\Lab3.a(LCD_char.o)
 .debug_aranges
                0x00000528       0x60 .\CortexM0\ARM_GCC_541\Debug\Lab3.a(QuadDec.o)
 .debug_aranges
                0x00000588       0x98 .\CortexM0\ARM_GCC_541\Debug\Lab3.a(QuadDec_Cnt8.o)
 .debug_aranges
                0x00000620      0x158 .\CortexM0\ARM_GCC_541\Debug\Lab3.a(t_counter.o)
 .debug_aranges
                0x00000778       0x80 .\CortexM0\ARM_GCC_541\Debug\Lab3.a(t_isr.o)
 .debug_aranges
                0x000007f8       0x28 .\CortexM0\ARM_GCC_541\Debug\Lab3.a(c_register.o)
 .debug_aranges
                0x00000820       0x80 .\CortexM0\ARM_GCC_541\Debug\Lab3.a(b_isr.o)
 .debug_aranges
                0x000008a0       0x48 .\CortexM0\ARM_GCC_541\Debug\Lab3.a(b_encoder.o)
 .debug_aranges
                0x000008e8       0x80 .\CortexM0\ARM_GCC_541\Debug\Lab3.a(b_encoder_isr.o)
 .debug_aranges
                0x00000968       0x20 .\CortexM0\ARM_GCC_541\Debug\Lab3.a(CyBootAsmGnu.o)
 .debug_aranges
                0x00000988       0x40 .\CortexM0\ARM_GCC_541\Debug\Lab3.a(CyFlash.o)

.debug_pubnames
 *(.debug_pubnames)

.debug_info     0x00000000     0x56b8
 *(.debug_info .gnu.linkonce.wi.*)
 .debug_info    0x00000000      0x9de .\CortexM0\ARM_GCC_541\Debug\main.o
 .debug_info    0x000009de      0x3bd .\CortexM0\ARM_GCC_541\Debug\cyfitter_cfg.o
 .debug_info    0x00000d9b       0xf8 .\CortexM0\ARM_GCC_541\Debug\cymetadata.o
 .debug_info    0x00000e93      0x3a2 .\CortexM0\ARM_GCC_541\Debug\Cm0Start.o
 .debug_info    0x00001235      0x19d .\CortexM0\ARM_GCC_541\Debug\Lab3.a(button.o)
 .debug_info    0x000013d2      0xd40 .\CortexM0\ARM_GCC_541\Debug\Lab3.a(CyLib.o)
 .debug_info    0x00002112     0x1058 .\CortexM0\ARM_GCC_541\Debug\Lab3.a(CyLFClk.o)
 .debug_info    0x0000316a      0x721 .\CortexM0\ARM_GCC_541\Debug\Lab3.a(LCD_char.o)
 .debug_info    0x0000388b      0x2c7 .\CortexM0\ARM_GCC_541\Debug\Lab3.a(QuadDec.o)
 .debug_info    0x00003b52      0x328 .\CortexM0\ARM_GCC_541\Debug\Lab3.a(QuadDec_Cnt8.o)
 .debug_info    0x00003e7a      0x8f6 .\CortexM0\ARM_GCC_541\Debug\Lab3.a(t_counter.o)
 .debug_info    0x00004770      0x305 .\CortexM0\ARM_GCC_541\Debug\Lab3.a(t_isr.o)
 .debug_info    0x00004a75       0xd6 .\CortexM0\ARM_GCC_541\Debug\Lab3.a(c_register.o)
 .debug_info    0x00004b4b      0x305 .\CortexM0\ARM_GCC_541\Debug\Lab3.a(b_isr.o)
 .debug_info    0x00004e50      0x19d .\CortexM0\ARM_GCC_541\Debug\Lab3.a(b_encoder.o)
 .debug_info    0x00004fed      0x305 .\CortexM0\ARM_GCC_541\Debug\Lab3.a(b_encoder_isr.o)
 .debug_info    0x000052f2       0x76 .\CortexM0\ARM_GCC_541\Debug\Lab3.a(CyBootAsmGnu.o)
 .debug_info    0x00005368      0x350 .\CortexM0\ARM_GCC_541\Debug\Lab3.a(CyFlash.o)

.debug_abbrev   0x00000000     0x1709
 *(.debug_abbrev)
 .debug_abbrev  0x00000000      0x163 .\CortexM0\ARM_GCC_541\Debug\main.o
 .debug_abbrev  0x00000163      0x1b8 .\CortexM0\ARM_GCC_541\Debug\cyfitter_cfg.o
 .debug_abbrev  0x0000031b       0x5d .\CortexM0\ARM_GCC_541\Debug\cymetadata.o
 .debug_abbrev  0x00000378      0x1d7 .\CortexM0\ARM_GCC_541\Debug\Cm0Start.o
 .debug_abbrev  0x0000054f       0xc8 .\CortexM0\ARM_GCC_541\Debug\Lab3.a(button.o)
 .debug_abbrev  0x00000617      0x20b .\CortexM0\ARM_GCC_541\Debug\Lab3.a(CyLib.o)
 .debug_abbrev  0x00000822      0x248 .\CortexM0\ARM_GCC_541\Debug\Lab3.a(CyLFClk.o)
 .debug_abbrev  0x00000a6a      0x171 .\CortexM0\ARM_GCC_541\Debug\Lab3.a(LCD_char.o)
 .debug_abbrev  0x00000bdb      0x151 .\CortexM0\ARM_GCC_541\Debug\Lab3.a(QuadDec.o)
 .debug_abbrev  0x00000d2c      0x117 .\CortexM0\ARM_GCC_541\Debug\Lab3.a(QuadDec_Cnt8.o)
 .debug_abbrev  0x00000e43      0x119 .\CortexM0\ARM_GCC_541\Debug\Lab3.a(t_counter.o)
 .debug_abbrev  0x00000f5c      0x19a .\CortexM0\ARM_GCC_541\Debug\Lab3.a(t_isr.o)
 .debug_abbrev  0x000010f6       0x81 .\CortexM0\ARM_GCC_541\Debug\Lab3.a(c_register.o)
 .debug_abbrev  0x00001177      0x19a .\CortexM0\ARM_GCC_541\Debug\Lab3.a(b_isr.o)
 .debug_abbrev  0x00001311       0xc8 .\CortexM0\ARM_GCC_541\Debug\Lab3.a(b_encoder.o)
 .debug_abbrev  0x000013d9      0x19a .\CortexM0\ARM_GCC_541\Debug\Lab3.a(b_encoder_isr.o)
 .debug_abbrev  0x00001573       0x14 .\CortexM0\ARM_GCC_541\Debug\Lab3.a(CyBootAsmGnu.o)
 .debug_abbrev  0x00001587      0x182 .\CortexM0\ARM_GCC_541\Debug\Lab3.a(CyFlash.o)

.debug_line     0x00000000     0x2309
 *(.debug_line)
 .debug_line    0x00000000      0x304 .\CortexM0\ARM_GCC_541\Debug\main.o
 .debug_line    0x00000304      0x17b .\CortexM0\ARM_GCC_541\Debug\cyfitter_cfg.o
 .debug_line    0x0000047f      0x13f .\CortexM0\ARM_GCC_541\Debug\cymetadata.o
 .debug_line    0x000005be      0x234 .\CortexM0\ARM_GCC_541\Debug\Cm0Start.o
 .debug_line    0x000007f2       0xbe .\CortexM0\ARM_GCC_541\Debug\Lab3.a(button.o)
 .debug_line    0x000008b0      0x563 .\CortexM0\ARM_GCC_541\Debug\Lab3.a(CyLib.o)
 .debug_line    0x00000e13      0x5d1 .\CortexM0\ARM_GCC_541\Debug\Lab3.a(CyLFClk.o)
 .debug_line    0x000013e4      0x1eb .\CortexM0\ARM_GCC_541\Debug\Lab3.a(LCD_char.o)
 .debug_line    0x000015cf      0x122 .\CortexM0\ARM_GCC_541\Debug\Lab3.a(QuadDec.o)
 .debug_line    0x000016f1      0x195 .\CortexM0\ARM_GCC_541\Debug\Lab3.a(QuadDec_Cnt8.o)
 .debug_line    0x00001886      0x37d .\CortexM0\ARM_GCC_541\Debug\Lab3.a(t_counter.o)
 .debug_line    0x00001c03      0x151 .\CortexM0\ARM_GCC_541\Debug\Lab3.a(t_isr.o)
 .debug_line    0x00001d54       0x73 .\CortexM0\ARM_GCC_541\Debug\Lab3.a(c_register.o)
 .debug_line    0x00001dc7      0x14d .\CortexM0\ARM_GCC_541\Debug\Lab3.a(b_isr.o)
 .debug_line    0x00001f14       0xc1 .\CortexM0\ARM_GCC_541\Debug\Lab3.a(b_encoder.o)
 .debug_line    0x00001fd5      0x159 .\CortexM0\ARM_GCC_541\Debug\Lab3.a(b_encoder_isr.o)
 .debug_line    0x0000212e       0x68 .\CortexM0\ARM_GCC_541\Debug\Lab3.a(CyBootAsmGnu.o)
 .debug_line    0x00002196      0x173 .\CortexM0\ARM_GCC_541\Debug\Lab3.a(CyFlash.o)

.debug_frame    0x00000000     0x18ec
 *(.debug_frame)
 .debug_frame   0x00000000       0xfc .\CortexM0\ARM_GCC_541\Debug\main.o
 .debug_frame   0x000000fc       0x98 .\CortexM0\ARM_GCC_541\Debug\cyfitter_cfg.o
 .debug_frame   0x00000194       0xbc .\CortexM0\ARM_GCC_541\Debug\Cm0Start.o
 .debug_frame   0x00000250       0x70 .\CortexM0\ARM_GCC_541\Debug\Lab3.a(button.o)
 .debug_frame   0x000002c0      0x48c .\CortexM0\ARM_GCC_541\Debug\Lab3.a(CyLib.o)
 .debug_frame   0x0000074c      0x4a4 .\CortexM0\ARM_GCC_541\Debug\Lab3.a(CyLFClk.o)
 .debug_frame   0x00000bf0      0x1f0 .\CortexM0\ARM_GCC_541\Debug\Lab3.a(LCD_char.o)
 .debug_frame   0x00000de0       0xdc .\CortexM0\ARM_GCC_541\Debug\Lab3.a(QuadDec.o)
 .debug_frame   0x00000ebc      0x134 .\CortexM0\ARM_GCC_541\Debug\Lab3.a(QuadDec_Cnt8.o)
 .debug_frame   0x00000ff0      0x3a0 .\CortexM0\ARM_GCC_541\Debug\Lab3.a(t_counter.o)
 .debug_frame   0x00001390      0x110 .\CortexM0\ARM_GCC_541\Debug\Lab3.a(t_isr.o)
 .debug_frame   0x000014a0       0x30 .\CortexM0\ARM_GCC_541\Debug\Lab3.a(c_register.o)
 .debug_frame   0x000014d0      0x110 .\CortexM0\ARM_GCC_541\Debug\Lab3.a(b_isr.o)
 .debug_frame   0x000015e0       0x70 .\CortexM0\ARM_GCC_541\Debug\Lab3.a(b_encoder.o)
 .debug_frame   0x00001650      0x110 .\CortexM0\ARM_GCC_541\Debug\Lab3.a(b_encoder_isr.o)
 .debug_frame   0x00001760       0x90 .\CortexM0\ARM_GCC_541\Debug\Lab3.a(CyFlash.o)
 .debug_frame   0x000017f0       0x20 d:/program files/cypress/psoc/psoc creator/4.4/psoc creator/import/gnu/arm/5.4.1/bin/../lib/gcc/arm-none-eabi/5.4.1/armv6-m\libgcc.a(_udivsi3.o)
 .debug_frame   0x00001810       0x20 d:/program files/cypress/psoc/psoc creator/4.4/psoc creator/import/gnu/arm/5.4.1/bin/../lib/gcc/arm-none-eabi/5.4.1/armv6-m\libgcc.a(_divsi3.o)
 .debug_frame   0x00001830       0x20 d:/program files/cypress/psoc/psoc creator/4.4/psoc creator/import/gnu/arm/5.4.1/bin/../lib/gcc/arm-none-eabi/5.4.1/../../../../arm-none-eabi/lib/armv6-m\libg_nano.a(lib_a-errno.o)
 .debug_frame   0x00001850       0x28 d:/program files/cypress/psoc/psoc creator/4.4/psoc creator/import/gnu/arm/5.4.1/bin/../lib/gcc/arm-none-eabi/5.4.1/../../../../arm-none-eabi/lib/armv6-m\libg_nano.a(lib_a-exit.o)
 .debug_frame   0x00001878       0x2c d:/program files/cypress/psoc/psoc creator/4.4/psoc creator/import/gnu/arm/5.4.1/bin/../lib/gcc/arm-none-eabi/5.4.1/../../../../arm-none-eabi/lib/armv6-m\libg_nano.a(lib_a-init.o)
 .debug_frame   0x000018a4       0x28 d:/program files/cypress/psoc/psoc creator/4.4/psoc creator/import/gnu/arm/5.4.1/bin/../lib/gcc/arm-none-eabi/5.4.1/../../../../arm-none-eabi/lib/armv6-m\libg_nano.a(lib_a-memcpy-stub.o)
 .debug_frame   0x000018cc       0x20 d:/program files/cypress/psoc/psoc creator/4.4/psoc creator/import/gnu/arm/5.4.1/bin/../lib/gcc/arm-none-eabi/5.4.1/../../../../arm-none-eabi/lib/armv6-m\libg_nano.a(lib_a-memset.o)

.debug_str      0x00000000     0x20b6
 *(.debug_str)
 .debug_str     0x00000000      0x3b8 .\CortexM0\ARM_GCC_541\Debug\main.o
                                0x411 (size before relaxing)
 .debug_str     0x000003b8      0x124 .\CortexM0\ARM_GCC_541\Debug\cyfitter_cfg.o
                                0x2bc (size before relaxing)
 .debug_str     0x000004dc       0x59 .\CortexM0\ARM_GCC_541\Debug\cymetadata.o
                                0x1ae (size before relaxing)
 .debug_str     0x00000535      0x13a .\CortexM0\ARM_GCC_541\Debug\Cm0Start.o
                                0x2e7 (size before relaxing)
 .debug_str     0x0000066f       0x93 .\CortexM0\ARM_GCC_541\Debug\Lab3.a(button.o)
                                0x223 (size before relaxing)
 .debug_str     0x00000702      0x5f4 .\CortexM0\ARM_GCC_541\Debug\Lab3.a(CyLib.o)
                                0x7e3 (size before relaxing)
 .debug_str     0x00000cf6      0x6eb .\CortexM0\ARM_GCC_541\Debug\Lab3.a(CyLFClk.o)
                                0x903 (size before relaxing)
 .debug_str     0x000013e1      0x161 .\CortexM0\ARM_GCC_541\Debug\Lab3.a(LCD_char.o)
                                0x376 (size before relaxing)
 .debug_str     0x00001542      0x10e .\CortexM0\ARM_GCC_541\Debug\Lab3.a(QuadDec.o)
                                0x2f7 (size before relaxing)
 .debug_str     0x00001650      0x1bd .\CortexM0\ARM_GCC_541\Debug\Lab3.a(QuadDec_Cnt8.o)
                                0x3b6 (size before relaxing)
 .debug_str     0x0000180d      0x445 .\CortexM0\ARM_GCC_541\Debug\Lab3.a(t_counter.o)
                                0x63f (size before relaxing)
 .debug_str     0x00001c52       0xe7 .\CortexM0\ARM_GCC_541\Debug\Lab3.a(t_isr.o)
                                0x2d0 (size before relaxing)
 .debug_str     0x00001d39       0x34 .\CortexM0\ARM_GCC_541\Debug\Lab3.a(c_register.o)
                                0x1a4 (size before relaxing)
 .debug_str     0x00001d6d       0xd8 .\CortexM0\ARM_GCC_541\Debug\Lab3.a(b_isr.o)
                                0x2d0 (size before relaxing)
 .debug_str     0x00001e45       0x8a .\CortexM0\ARM_GCC_541\Debug\Lab3.a(b_encoder.o)
                                0x238 (size before relaxing)
 .debug_str     0x00001ecf      0x140 .\CortexM0\ARM_GCC_541\Debug\Lab3.a(b_encoder_isr.o)
                                0x340 (size before relaxing)
 .debug_str     0x0000200f       0xa7 .\CortexM0\ARM_GCC_541\Debug\Lab3.a(CyFlash.o)
                                0x296 (size before relaxing)

.debug_loc      0x00000000     0x2777
 *(.debug_loc)
 .debug_loc     0x00000000      0x10d .\CortexM0\ARM_GCC_541\Debug\main.o
 .debug_loc     0x0000010d      0x118 .\CortexM0\ARM_GCC_541\Debug\cyfitter_cfg.o
 .debug_loc     0x00000225      0x14f .\CortexM0\ARM_GCC_541\Debug\Cm0Start.o
 .debug_loc     0x00000374       0xa2 .\CortexM0\ARM_GCC_541\Debug\Lab3.a(button.o)
 .debug_loc     0x00000416      0x81c .\CortexM0\ARM_GCC_541\Debug\Lab3.a(CyLib.o)
 .debug_loc     0x00000c32      0xdb7 .\CortexM0\ARM_GCC_541\Debug\Lab3.a(CyLFClk.o)
 .debug_loc     0x000019e9      0x3e3 .\CortexM0\ARM_GCC_541\Debug\Lab3.a(LCD_char.o)
 .debug_loc     0x00001dcc       0x9f .\CortexM0\ARM_GCC_541\Debug\Lab3.a(QuadDec.o)
 .debug_loc     0x00001e6b       0x3d .\CortexM0\ARM_GCC_541\Debug\Lab3.a(QuadDec_Cnt8.o)
 .debug_loc     0x00001ea8      0x547 .\CortexM0\ARM_GCC_541\Debug\Lab3.a(t_counter.o)
 .debug_loc     0x000023ef       0x82 .\CortexM0\ARM_GCC_541\Debug\Lab3.a(t_isr.o)
 .debug_loc     0x00002471       0x82 .\CortexM0\ARM_GCC_541\Debug\Lab3.a(b_isr.o)
 .debug_loc     0x000024f3       0xa2 .\CortexM0\ARM_GCC_541\Debug\Lab3.a(b_encoder.o)
 .debug_loc     0x00002595       0x82 .\CortexM0\ARM_GCC_541\Debug\Lab3.a(b_encoder_isr.o)
 .debug_loc     0x00002617      0x160 .\CortexM0\ARM_GCC_541\Debug\Lab3.a(CyFlash.o)

.debug_macinfo
 *(.debug_macinfo)

.debug_ranges   0x00000000      0x890
 *(.debug_ranges)
 .debug_ranges  0x00000000       0x48 .\CortexM0\ARM_GCC_541\Debug\main.o
 .debug_ranges  0x00000048       0x30 .\CortexM0\ARM_GCC_541\Debug\cyfitter_cfg.o
 .debug_ranges  0x00000078       0x38 .\CortexM0\ARM_GCC_541\Debug\Cm0Start.o
 .debug_ranges  0x000000b0       0x38 .\CortexM0\ARM_GCC_541\Debug\Lab3.a(button.o)
 .debug_ranges  0x000000e8      0x1b8 .\CortexM0\ARM_GCC_541\Debug\Lab3.a(CyLib.o)
 .debug_ranges  0x000002a0      0x178 .\CortexM0\ARM_GCC_541\Debug\Lab3.a(CyLFClk.o)
 .debug_ranges  0x00000418       0x88 .\CortexM0\ARM_GCC_541\Debug\Lab3.a(LCD_char.o)
 .debug_ranges  0x000004a0       0x50 .\CortexM0\ARM_GCC_541\Debug\Lab3.a(QuadDec.o)
 .debug_ranges  0x000004f0       0x88 .\CortexM0\ARM_GCC_541\Debug\Lab3.a(QuadDec_Cnt8.o)
 .debug_ranges  0x00000578      0x148 .\CortexM0\ARM_GCC_541\Debug\Lab3.a(t_counter.o)
 .debug_ranges  0x000006c0       0x70 .\CortexM0\ARM_GCC_541\Debug\Lab3.a(t_isr.o)
 .debug_ranges  0x00000730       0x18 .\CortexM0\ARM_GCC_541\Debug\Lab3.a(c_register.o)
 .debug_ranges  0x00000748       0x70 .\CortexM0\ARM_GCC_541\Debug\Lab3.a(b_isr.o)
 .debug_ranges  0x000007b8       0x38 .\CortexM0\ARM_GCC_541\Debug\Lab3.a(b_encoder.o)
 .debug_ranges  0x000007f0       0x70 .\CortexM0\ARM_GCC_541\Debug\Lab3.a(b_encoder_isr.o)
 .debug_ranges  0x00000860       0x30 .\CortexM0\ARM_GCC_541\Debug\Lab3.a(CyFlash.o)

.comment        0x00000000       0x6e
 .comment       0x00000000       0x6e .\CortexM0\ARM_GCC_541\Debug\main.o
                                 0x6f (size before relaxing)
 .comment       0x0000006e       0x6f .\CortexM0\ARM_GCC_541\Debug\cyfitter_cfg.o
 .comment       0x0000006e       0x6f .\CortexM0\ARM_GCC_541\Debug\cymetadata.o
 .comment       0x0000006e       0x6f .\CortexM0\ARM_GCC_541\Debug\Cm0Start.o
 .comment       0x0000006e       0x6f .\CortexM0\ARM_GCC_541\Debug\Lab3.a(button.o)
 .comment       0x0000006e       0x6f .\CortexM0\ARM_GCC_541\Debug\Lab3.a(CyLib.o)
 .comment       0x0000006e       0x6f .\CortexM0\ARM_GCC_541\Debug\Lab3.a(CyLFClk.o)
 .comment       0x0000006e       0x6f .\CortexM0\ARM_GCC_541\Debug\Lab3.a(LCD_char.o)
 .comment       0x0000006e       0x6f .\CortexM0\ARM_GCC_541\Debug\Lab3.a(QuadDec.o)
 .comment       0x0000006e       0x6f .\CortexM0\ARM_GCC_541\Debug\Lab3.a(QuadDec_Cnt8.o)
 .comment       0x0000006e       0x6f .\CortexM0\ARM_GCC_541\Debug\Lab3.a(t_counter.o)
 .comment       0x0000006e       0x6f .\CortexM0\ARM_GCC_541\Debug\Lab3.a(t_isr.o)
 .comment       0x0000006e       0x6f .\CortexM0\ARM_GCC_541\Debug\Lab3.a(c_register.o)
 .comment       0x0000006e       0x6f .\CortexM0\ARM_GCC_541\Debug\Lab3.a(b_isr.o)
 .comment       0x0000006e       0x6f .\CortexM0\ARM_GCC_541\Debug\Lab3.a(b_encoder.o)
 .comment       0x0000006e       0x6f .\CortexM0\ARM_GCC_541\Debug\Lab3.a(b_encoder_isr.o)
 .comment       0x0000006e       0x6f .\CortexM0\ARM_GCC_541\Debug\Lab3.a(CyFlash.o)

.debug_weaknames
 *(.debug_weaknames)

.debug_funcnames
 *(.debug_funcnames)

.debug_typenames
 *(.debug_typenames)

.debug_varnames
 *(.debug_varnames)

.note.gnu.arm.ident
 *(.note.gnu.arm.ident)

.ARM.attributes
                0x00000000       0x28
 *(.ARM.attributes)
 .ARM.attributes
                0x00000000       0x1e d:/program files/cypress/psoc/psoc creator/4.4/psoc creator/import/gnu/arm/5.4.1/bin/../lib/gcc/arm-none-eabi/5.4.1/armv6-m/crti.o
 .ARM.attributes
                0x0000001e       0x2c d:/program files/cypress/psoc/psoc creator/4.4/psoc creator/import/gnu/arm/5.4.1/bin/../lib/gcc/arm-none-eabi/5.4.1/armv6-m/crtbegin.o
 .ARM.attributes
                0x0000004a       0x1b d:/program files/cypress/psoc/psoc creator/4.4/psoc creator/import/gnu/arm/5.4.1/bin/../lib/gcc/arm-none-eabi/5.4.1/../../../../arm-none-eabi/lib/armv6-m/crt0.o
 .ARM.attributes
                0x00000065       0x31 .\CortexM0\ARM_GCC_541\Debug\main.o
 .ARM.attributes
                0x00000096       0x31 .\CortexM0\ARM_GCC_541\Debug\cyfitter_cfg.o
 .ARM.attributes
                0x000000c7       0x31 .\CortexM0\ARM_GCC_541\Debug\cymetadata.o
 .ARM.attributes
                0x000000f8       0x31 .\CortexM0\ARM_GCC_541\Debug\Cm0Start.o
 .ARM.attributes
                0x00000129       0x31 .\CortexM0\ARM_GCC_541\Debug\Lab3.a(button.o)
 .ARM.attributes
                0x0000015a       0x31 .\CortexM0\ARM_GCC_541\Debug\Lab3.a(CyLib.o)
 .ARM.attributes
                0x0000018b       0x31 .\CortexM0\ARM_GCC_541\Debug\Lab3.a(CyLFClk.o)
 .ARM.attributes
                0x000001bc       0x31 .\CortexM0\ARM_GCC_541\Debug\Lab3.a(LCD_char.o)
 .ARM.attributes
                0x000001ed       0x31 .\CortexM0\ARM_GCC_541\Debug\Lab3.a(QuadDec.o)
 .ARM.attributes
                0x0000021e       0x31 .\CortexM0\ARM_GCC_541\Debug\Lab3.a(QuadDec_Cnt8.o)
 .ARM.attributes
                0x0000024f       0x31 .\CortexM0\ARM_GCC_541\Debug\Lab3.a(t_counter.o)
 .ARM.attributes
                0x00000280       0x31 .\CortexM0\ARM_GCC_541\Debug\Lab3.a(t_isr.o)
 .ARM.attributes
                0x000002b1       0x31 .\CortexM0\ARM_GCC_541\Debug\Lab3.a(c_register.o)
 .ARM.attributes
                0x000002e2       0x31 .\CortexM0\ARM_GCC_541\Debug\Lab3.a(b_isr.o)
 .ARM.attributes
                0x00000313       0x31 .\CortexM0\ARM_GCC_541\Debug\Lab3.a(b_encoder.o)
 .ARM.attributes
                0x00000344       0x31 .\CortexM0\ARM_GCC_541\Debug\Lab3.a(b_encoder_isr.o)
 .ARM.attributes
                0x00000375       0x21 .\CortexM0\ARM_GCC_541\Debug\Lab3.a(CyBootAsmGnu.o)
 .ARM.attributes
                0x00000396       0x31 .\CortexM0\ARM_GCC_541\Debug\Lab3.a(CyFlash.o)
 .ARM.attributes
                0x000003c7       0x1e d:/program files/cypress/psoc/psoc creator/4.4/psoc creator/import/gnu/arm/5.4.1/bin/../lib/gcc/arm-none-eabi/5.4.1/armv6-m\libgcc.a(_udivsi3.o)
 .ARM.attributes
                0x000003e5       0x1e d:/program files/cypress/psoc/psoc creator/4.4/psoc creator/import/gnu/arm/5.4.1/bin/../lib/gcc/arm-none-eabi/5.4.1/armv6-m\libgcc.a(_divsi3.o)
 .ARM.attributes
                0x00000403       0x1e d:/program files/cypress/psoc/psoc creator/4.4/psoc creator/import/gnu/arm/5.4.1/bin/../lib/gcc/arm-none-eabi/5.4.1/armv6-m\libgcc.a(_dvmd_tls.o)
 .ARM.attributes
                0x00000421       0x2c d:/program files/cypress/psoc/psoc creator/4.4/psoc creator/import/gnu/arm/5.4.1/bin/../lib/gcc/arm-none-eabi/5.4.1/../../../../arm-none-eabi/lib/armv6-m\libg_nano.a(lib_a-errno.o)
 .ARM.attributes
                0x0000044d       0x2c d:/program files/cypress/psoc/psoc creator/4.4/psoc creator/import/gnu/arm/5.4.1/bin/../lib/gcc/arm-none-eabi/5.4.1/../../../../arm-none-eabi/lib/armv6-m\libg_nano.a(lib_a-exit.o)
 .ARM.attributes
                0x00000479       0x2c d:/program files/cypress/psoc/psoc creator/4.4/psoc creator/import/gnu/arm/5.4.1/bin/../lib/gcc/arm-none-eabi/5.4.1/../../../../arm-none-eabi/lib/armv6-m\libg_nano.a(lib_a-impure.o)
 .ARM.attributes
                0x000004a5       0x2c d:/program files/cypress/psoc/psoc creator/4.4/psoc creator/import/gnu/arm/5.4.1/bin/../lib/gcc/arm-none-eabi/5.4.1/../../../../arm-none-eabi/lib/armv6-m\libg_nano.a(lib_a-init.o)
 .ARM.attributes
                0x000004d1       0x2c d:/program files/cypress/psoc/psoc creator/4.4/psoc creator/import/gnu/arm/5.4.1/bin/../lib/gcc/arm-none-eabi/5.4.1/../../../../arm-none-eabi/lib/armv6-m\libg_nano.a(lib_a-memcpy-stub.o)
 .ARM.attributes
                0x000004fd       0x2c d:/program files/cypress/psoc/psoc creator/4.4/psoc creator/import/gnu/arm/5.4.1/bin/../lib/gcc/arm-none-eabi/5.4.1/../../../../arm-none-eabi/lib/armv6-m\libg_nano.a(lib_a-memset.o)
 .ARM.attributes
                0x00000529       0x2c d:/program files/cypress/psoc/psoc creator/4.4/psoc creator/import/gnu/arm/5.4.1/bin/../lib/gcc/arm-none-eabi/5.4.1/armv6-m/crtend.o
 .ARM.attributes
                0x00000555       0x1e d:/program files/cypress/psoc/psoc creator/4.4/psoc creator/import/gnu/arm/5.4.1/bin/../lib/gcc/arm-none-eabi/5.4.1/armv6-m/crtn.o

/DISCARD/
 *(.note.GNU-stack)
OUTPUT(D:\projects\psoc\Workspace01\Lab3.cydsn\CortexM0\ARM_GCC_541\Debug\Lab3.elf elf32-littlearm)
